Product: MDK-ARM Standard 5.10
Component: ARM Compiler 5.04 update 1 (build 49)
Tool: armlink [5040049]

==============================================================================

Section Cross References

    startup_stm32f40xx.o(RESET) refers to startup_stm32f40xx.o(STACK) for __initial_sp
    startup_stm32f40xx.o(RESET) refers to startup_stm32f40xx.o(.text) for Reset_Handler
    startup_stm32f40xx.o(RESET) refers to stm32f4xx_it.o(i.EXTI9_5_IRQHandler) for EXTI9_5_IRQHandler
    startup_stm32f40xx.o(RESET) refers to stm32f4xx_it.o(i.TIM2_IRQHandler) for TIM2_IRQHandler
    startup_stm32f40xx.o(RESET) refers to stm32f4xx_it.o(i.USART1_IRQHandler) for USART1_IRQHandler
    startup_stm32f40xx.o(RESET) refers to stm32f4xx_it.o(i.USART2_IRQHandler) for USART2_IRQHandler
    startup_stm32f40xx.o(RESET) refers to stm32f4xx_it.o(i.UART4_IRQHandler) for UART4_IRQHandler
    startup_stm32f40xx.o(.text) refers to system_stm32f4xx.o(i.SystemInit) for SystemInit
    startup_stm32f40xx.o(.text) refers to entry.o(.ARM.Collect$$$$00000000) for __main
    system_stm32f4xx.o(i.SystemCoreClockUpdate) refers to system_stm32f4xx.o(.data) for SystemCoreClock
    system_stm32f4xx.o(i.SystemInit) refers to system_stm32f4xx.o(i.SetSysClock) for SetSysClock
    stm32f4xx_it.o(i.EXTI9_5_IRQHandler) refers to stm32f4xx_exti.o(i.EXTI_GetITStatus) for EXTI_GetITStatus
    stm32f4xx_it.o(i.EXTI9_5_IRQHandler) refers to stm32f4xx_exti.o(i.EXTI_ClearITPendingBit) for EXTI_ClearITPendingBit
    stm32f4xx_it.o(i.TIM2_IRQHandler) refers to stm32f4xx_tim.o(i.TIM_GetITStatus) for TIM_GetITStatus
    stm32f4xx_it.o(i.TIM2_IRQHandler) refers to scheduler.o(i.Call_Loop_timer) for Call_Loop_timer
    stm32f4xx_it.o(i.TIM2_IRQHandler) refers to stm32f4xx_tim.o(i.TIM_ClearITPendingBit) for TIM_ClearITPendingBit
    stm32f4xx_it.o(i.TIM2_IRQHandler) refers to init.o(.data) for Init_Finish
    stm32f4xx_it.o(i.UART4_IRQHandler) refers to stm32f4xx_usart.o(i.USART_GetITStatus) for USART_GetITStatus
    stm32f4xx_it.o(i.UART4_IRQHandler) refers to stm32f4xx_usart.o(i.USART_ReceiveData) for USART_ReceiveData
    stm32f4xx_it.o(i.UART4_IRQHandler) refers to printf8.o(i.__0printf$8) for __2printf
    stm32f4xx_it.o(i.UART4_IRQHandler) refers to stm32f4xx_usart.o(i.USART_ClearITPendingBit) for USART_ClearITPendingBit
    stm32f4xx_it.o(i.USART1_IRQHandler) refers to stm32f4xx_usart.o(i.USART_GetITStatus) for USART_GetITStatus
    stm32f4xx_it.o(i.USART1_IRQHandler) refers to stm32f4xx_usart.o(i.USART_ClearITPendingBit) for USART_ClearITPendingBit
    stm32f4xx_it.o(i.USART1_IRQHandler) refers to stm32f4xx_usart.o(i.USART_ReceiveData) for USART_ReceiveData
    stm32f4xx_it.o(i.USART1_IRQHandler) refers to ano_dt.o(i.ANO_DT_Data_Receive_Prepare) for ANO_DT_Data_Receive_Prepare
    stm32f4xx_it.o(i.USART2_IRQHandler) refers to stm32f4xx_usart.o(i.USART_ClearITPendingBit) for USART_ClearITPendingBit
    stm32f4xx_it.o(i.USART2_IRQHandler) refers to stm32f4xx_usart.o(i.USART_ReceiveData) for USART_ReceiveData
    stm32f4xx_it.o(i.USART2_IRQHandler) refers to deal_datapacket.o(i.importData) for importData
    stm32f4xx_it.o(i.USART2_IRQHandler) refers to stm32f4xx_usart.o(i.USART_GetITStatus) for USART_GetITStatus
    stm32f4xx_adc.o(i.ADC_DeInit) refers to stm32f4xx_rcc.o(i.RCC_APB2PeriphResetCmd) for RCC_APB2PeriphResetCmd
    stm32f4xx_can.o(i.CAN_DeInit) refers to stm32f4xx_rcc.o(i.RCC_APB1PeriphResetCmd) for RCC_APB1PeriphResetCmd
    stm32f4xx_can.o(i.CAN_GetITStatus) refers to stm32f4xx_can.o(i.CheckITStatus) for CheckITStatus
    stm32f4xx_cryp.o(i.CRYP_DeInit) refers to stm32f4xx_rcc.o(i.RCC_AHB2PeriphResetCmd) for RCC_AHB2PeriphResetCmd
    stm32f4xx_cryp_aes.o(i.CRYP_AES_CBC) refers to stm32f4xx_cryp.o(i.CRYP_KeyStructInit) for CRYP_KeyStructInit
    stm32f4xx_cryp_aes.o(i.CRYP_AES_CBC) refers to stm32f4xx_cryp.o(i.CRYP_FIFOFlush) for CRYP_FIFOFlush
    stm32f4xx_cryp_aes.o(i.CRYP_AES_CBC) refers to stm32f4xx_cryp.o(i.CRYP_Init) for CRYP_Init
    stm32f4xx_cryp_aes.o(i.CRYP_AES_CBC) refers to stm32f4xx_cryp.o(i.CRYP_KeyInit) for CRYP_KeyInit
    stm32f4xx_cryp_aes.o(i.CRYP_AES_CBC) refers to stm32f4xx_cryp.o(i.CRYP_Cmd) for CRYP_Cmd
    stm32f4xx_cryp_aes.o(i.CRYP_AES_CBC) refers to stm32f4xx_cryp.o(i.CRYP_GetFlagStatus) for CRYP_GetFlagStatus
    stm32f4xx_cryp_aes.o(i.CRYP_AES_CBC) refers to stm32f4xx_cryp.o(i.CRYP_IVInit) for CRYP_IVInit
    stm32f4xx_cryp_aes.o(i.CRYP_AES_CBC) refers to stm32f4xx_cryp.o(i.CRYP_GetCmdStatus) for CRYP_GetCmdStatus
    stm32f4xx_cryp_aes.o(i.CRYP_AES_CBC) refers to stm32f4xx_cryp.o(i.CRYP_DataIn) for CRYP_DataIn
    stm32f4xx_cryp_aes.o(i.CRYP_AES_CBC) refers to stm32f4xx_cryp.o(i.CRYP_DataOut) for CRYP_DataOut
    stm32f4xx_cryp_aes.o(i.CRYP_AES_CCM) refers to stm32f4xx_cryp.o(i.CRYP_KeyStructInit) for CRYP_KeyStructInit
    stm32f4xx_cryp_aes.o(i.CRYP_AES_CCM) refers to stm32f4xx_cryp.o(i.CRYP_FIFOFlush) for CRYP_FIFOFlush
[...]
    ../mathlib/atan.c                        0x00000000   Number         0  atan_x.o ABSOLUTE
    ../mathlib/atan.c                        0x00000000   Number         0  atan.o ABSOLUTE
    ../mathlib/atan2.c                       0x00000000   Number         0  atan2.o ABSOLUTE
    ../mathlib/atan2.c                       0x00000000   Number         0  atan2_x.o ABSOLUTE
    ../mathlib/dunder.c                      0x00000000   Number         0  dunder.o ABSOLUTE
    ../mathlib/fabs.c                        0x00000000   Number         0  fabs.o ABSOLUTE
    ../mathlib/fpclassify.c                  0x00000000   Number         0  fpclassify.o ABSOLUTE
    ../mathlib/poly.c                        0x00000000   Number         0  poly.o ABSOLUTE
    ../mathlib/qnan.c                        0x00000000   Number         0  qnan.o ABSOLUTE
    ../mathlib/sqrt.c                        0x00000000   Number         0  sqrt.o ABSOLUTE
    ../mathlib/sqrt.c                        0x00000000   Number         0  sqrt_x.o ABSOLUTE
    ..\CMSIS\startup_stm32f40xx.s            0x00000000   Number         0  startup_stm32f40xx.o ABSOLUTE
    ..\CMSIS\system_stm32f4xx.c              0x00000000   Number         0  system_stm32f4xx.o ABSOLUTE
    ..\Driver\stm32f4xx_it.c                 0x00000000   Number         0  stm32f4xx_it.o ABSOLUTE
    ..\Library\src\misc.c                    0x00000000   Number         0  misc.o ABSOLUTE
    ..\Library\src\stm32f4xx_adc.c           0x00000000   Number         0  stm32f4xx_adc.o ABSOLUTE
    ..\Library\src\stm32f4xx_can.c           0x00000000   Number         0  stm32f4xx_can.o ABSOLUTE
    ..\Library\src\stm32f4xx_cec.c           0x00000000   Number         0  stm32f4xx_cec.o ABSOLUTE
    ..\Library\src\stm32f4xx_crc.c           0x00000000   Number         0  stm32f4xx_crc.o ABSOLUTE
    ..\Library\src\stm32f4xx_cryp.c          0x00000000   Number         0  stm32f4xx_cryp.o ABSOLUTE
    ..\Library\src\stm32f4xx_cryp_aes.c      0x00000000   Number         0  stm32f4xx_cryp_aes.o ABSOLUTE
    ..\Library\src\stm32f4xx_cryp_des.c      0x00000000   Number         0  stm32f4xx_cryp_des.o ABSOLUTE
    ..\Library\src\stm32f4xx_cryp_tdes.c     0x00000000   Number         0  stm32f4xx_cryp_tdes.o ABSOLUTE
    ..\Library\src\stm32f4xx_dac.c           0x00000000   Number         0  stm32f4xx_dac.o ABSOLUTE
    ..\Library\src\stm32f4xx_dbgmcu.c        0x00000000   Number         0  stm32f4xx_dbgmcu.o ABSOLUTE
    ..\Library\src\stm32f4xx_dcmi.c          0x00000000   Number         0  stm32f4xx_dcmi.o ABSOLUTE
    ..\Library\src\stm32f4xx_dfsdm.c         0x00000000   Number         0  stm32f4xx_dfsdm.o ABSOLUTE
    ..\Library\src\stm32f4xx_dma.c           0x00000000   Number         0  stm32f4xx_dma.o ABSOLUTE
    ..\Library\src\stm32f4xx_dma2d.c         0x00000000   Number         0  stm32f4xx_dma2d.o ABSOLUTE
    ..\Library\src\stm32f4xx_dsi.c           0x00000000   Number         0  stm32f4xx_dsi.o ABSOLUTE
    ..\Library\src\stm32f4xx_exti.c          0x00000000   Number         0  stm32f4xx_exti.o ABSOLUTE
    ..\Library\src\stm32f4xx_flash.c         0x00000000   Number         0  stm32f4xx_flash.o ABSOLUTE
    ..\Library\src\stm32f4xx_flash_ramfunc.c 0x00000000   Number         0  stm32f4xx_flash_ramfunc.o ABSOLUTE
    ..\Library\src\stm32f4xx_fmpi2c.c        0x00000000   Number         0  stm32f4xx_fmpi2c.o ABSOLUTE
    ..\Library\src\stm32f4xx_fsmc.c          0x00000000   Number         0  stm32f4xx_fsmc.o ABSOLUTE
    ..\Library\src\stm32f4xx_gpio.c          0x00000000   Number         0  stm32f4xx_gpio.o ABSOLUTE
    ..\Library\src\stm32f4xx_hash.c          0x00000000   Number         0  stm32f4xx_hash.o ABSOLUTE
    ..\Library\src\stm32f4xx_hash_md5.c      0x00000000   Number         0  stm32f4xx_hash_md5.o ABSOLUTE
    ..\Library\src\stm32f4xx_hash_sha1.c     0x00000000   Number         0  stm32f4xx_hash_sha1.o ABSOLUTE
    ..\Library\src\stm32f4xx_i2c.c           0x00000000   Number         0  stm32f4xx_i2c.o ABSOLUTE
    ..\Library\src\stm32f4xx_iwdg.c          0x00000000   Number         0  stm32f4xx_iwdg.o ABSOLUTE
    ..\Library\src\stm32f4xx_lptim.c         0x00000000   Number         0  stm32f4xx_lptim.o ABSOLUTE
    ..\Library\src\stm32f4xx_ltdc.c          0x00000000   Number         0  stm32f4xx_ltdc.o ABSOLUTE
    ..\Library\src\stm32f4xx_pwr.c           0x00000000   Number         0  stm32f4xx_pwr.o ABSOLUTE
    ..\Library\src\stm32f4xx_qspi.c          0x00000000   Number         0  stm32f4xx_qspi.o ABSOLUTE
    ..\Library\src\stm32f4xx_rcc.c           0x00000000   Number         0  stm32f4xx_rcc.o ABSOLUTE
    ..\Library\src\stm32f4xx_rng.c           0x00000000   Number         0  stm32f4xx_rng.o ABSOLUTE
    ..\Library\src\stm32f4xx_rtc.c           0x00000000   Number         0  stm32f4xx_rtc.o ABSOLUTE
    ..\Library\src\stm32f4xx_sai.c           0x00000000   Number         0  stm32f4xx_sai.o ABSOLUTE
    ..\Library\src\stm32f4xx_sdio.c          0x00000000   Number         0  stm32f4xx_sdio.o ABSOLUTE
    ..\Library\src\stm32f4xx_spdifrx.c       0x00000000   Number         0  stm32f4xx_spdifrx.o ABSOLUTE
    ..\Library\src\stm32f4xx_spi.c           0x00000000   Number         0  stm32f4xx_spi.o ABSOLUTE
    ..\Library\src\stm32f4xx_syscfg.c        0x00000000   Number         0  stm32f4xx_syscfg.o ABSOLUTE
    ..\Library\src\stm32f4xx_tim.c           0x00000000   Number         0  stm32f4xx_tim.o ABSOLUTE
    ..\Library\src\stm32f4xx_usart.c         0x00000000   Number         0  stm32f4xx_usart.o ABSOLUTE
    ..\Library\src\stm32f4xx_wwdg.c          0x00000000   Number         0  stm32f4xx_wwdg.o ABSOLUTE
    ..\User\I2C.c                            0x00000000   Number         0  i2c.o ABSOLUTE
    ..\User\Init.c                           0x00000000   Number         0  init.o ABSOLUTE
    ..\User\LED.c                            0x00000000   Number         0  led.o ABSOLUTE
    ..\User\Motor.c                          0x00000000   Number         0  motor.o ABSOLUTE
    ..\User\Systick.c                        0x00000000   Number         0  systick.o ABSOLUTE
    ..\User\Time.c                           0x00000000   Number         0  time.o ABSOLUTE
    ..\User\Usart.c                          0x00000000   Number         0  usart.o ABSOLUTE
    ..\User\control.c                        0x00000000   Number         0  control.o ABSOLUTE
    ..\User\deal_datapacket.c                0x00000000   Number         0  deal_datapacket.o ABSOLUTE
    ..\User\dmp_exti.c                       0x00000000   Number         0  dmp_exti.o ABSOLUTE
    ..\User\main.c                           0x00000000   Number         0  main.o ABSOLUTE
    ..\User\mpu6050.c                        0x00000000   Number         0  mpu6050.o ABSOLUTE
    ..\User\ms5611.c                         0x00000000   Number         0  ms5611.o ABSOLUTE
    ..\User\scheduler.c                      0x00000000   Number         0  scheduler.o ABSOLUTE
    ..\\CMSIS\\system_stm32f4xx.c            0x00000000   Number         0  system_stm32f4xx.o ABSOLUTE
    ..\\Driver\\stm32f4xx_it.c               0x00000000   Number         0  stm32f4xx_it.o ABSOLUTE
    ..\\Library\\src\\misc.c                 0x00000000   Number         0  misc.o ABSOLUTE
    ..\\Library\\src\\stm32f4xx_adc.c        0x00000000   Number         0  stm32f4xx_adc.o ABSOLUTE
    ..\\Library\\src\\stm32f4xx_can.c        0x00000000   Number         0  stm32f4xx_can.o ABSOLUTE
    ..\\Library\\src\\stm32f4xx_cec.c        0x00000000   Number         0  stm32f4xx_cec.o ABSOLUTE
    ..\\Library\\src\\stm32f4xx_crc.c        0x00000000   Number         0  stm32f4xx_crc.o ABSOLUTE
    ..\\Library\\src\\stm32f4xx_cryp.c       0x00000000   Number         0  stm32f4xx_cryp.o ABSOLUTE
    ..\\Library\\src\\stm32f4xx_cryp_aes.c   0x00000000   Number         0  stm32f4xx_cryp_aes.o ABSOLUTE
    ..\\Library\\src\\stm32f4xx_cryp_des.c   0x00000000   Number         0  stm32f4xx_cryp_des.o ABSOLUTE
    ..\\Library\\src\\stm32f4xx_cryp_tdes.c  0x00000000   Number         0  stm32f4xx_cryp_tdes.o ABSOLUTE
    ..\\Library\\src\\stm32f4xx_dac.c        0x00000000   Number         0  stm32f4xx_dac.o ABSOLUTE
    ..\\Library\\src\\stm32f4xx_dbgmcu.c     0x00000000   Number         0  stm32f4xx_dbgmcu.o ABSOLUTE
    ..\\Library\\src\\stm32f4xx_dcmi.c       0x00000000   Number         0  stm32f4xx_dcmi.o ABSOLUTE
    ..\\Library\\src\\stm32f4xx_dfsdm.c      0x00000000   Number         0  stm32f4xx_dfsdm.o ABSOLUTE
    ..\\Library\\src\\stm32f4xx_dma.c        0x00000000   Number         0  stm32f4xx_dma.o ABSOLUTE
    ..\\Library\\src\\stm32f4xx_dma2d.c      0x00000000   Number         0  stm32f4xx_dma2d.o ABSOLUTE
    ..\\Library\\src\\stm32f4xx_dsi.c        0x00000000   Number         0  stm32f4xx_dsi.o ABSOLUTE
    ..\\Library\\src\\stm32f4xx_exti.c       0x00000000   Number         0  stm32f4xx_exti.o ABSOLUTE
    ..\\Library\\src\\stm32f4xx_flash.c      0x00000000   Number         0  stm32f4xx_flash.o ABSOLUTE
    ..\\Library\\src\\stm32f4xx_flash_ramfunc.c 0x00000000   Number         0  stm32f4xx_flash_ramfunc.o ABSOLUTE
    ..\\Library\\src\\stm32f4xx_fmpi2c.c     0x00000000   Number         0  stm32f4xx_fmpi2c.o ABSOLUTE
    ..\\Library\\src\\stm32f4xx_fsmc.c       0x00000000   Number         0  stm32f4xx_fsmc.o ABSOLUTE
    ..\\Library\\src\\stm32f4xx_gpio.c       0x00000000   Number         0  stm32f4xx_gpio.o ABSOLUTE
    ..\\Library\\src\\stm32f4xx_hash.c       0x00000000   Number         0  stm32f4xx_hash.o ABSOLUTE
    ..\\Library\\src\\stm32f4xx_hash_md5.c   0x00000000   Number         0  stm32f4xx_hash_md5.o ABSOLUTE
    ..\\Library\\src\\stm32f4xx_hash_sha1.c  0x00000000   Number         0  stm32f4xx_hash_sha1.o ABSOLUTE
    ..\\Library\\src\\stm32f4xx_i2c.c        0x00000000   Number         0  stm32f4xx_i2c.o ABSOLUTE
    ..\\Library\\src\\stm32f4xx_iwdg.c       0x00000000   Number         0  stm32f4xx_iwdg.o ABSOLUTE
    ..\\Library\\src\\stm32f4xx_lptim.c      0x00000000   Number         0  stm32f4xx_lptim.o ABSOLUTE
    ..\\Library\\src\\stm32f4xx_ltdc.c       0x00000000   Number         0  stm32f4xx_ltdc.o ABSOLUTE
    ..\\Library\\src\\stm32f4xx_pwr.c        0x00000000   Number         0  stm32f4xx_pwr.o ABSOLUTE
    ..\\Library\\src\\stm32f4xx_qspi.c       0x00000000   Number         0  stm32f4xx_qspi.o ABSOLUTE
    ..\\Library\\src\\stm32f4xx_rcc.c        0x00000000   Number         0  stm32f4xx_rcc.o ABSOLUTE
    ..\\Library\\src\\stm32f4xx_rng.c        0x00000000   Number         0  stm32f4xx_rng.o ABSOLUTE
    ..\\Library\\src\\stm32f4xx_rtc.c        0x00000000   Number         0  stm32f4xx_rtc.o ABSOLUTE
    ..\\Library\\src\\stm32f4xx_sai.c        0x00000000   Number         0  stm32f4xx_sai.o ABSOLUTE
    ..\\Library\\src\\stm32f4xx_sdio.c       0x00000000   Number         0  stm32f4xx_sdio.o ABSOLUTE
    ..\\Library\\src\\stm32f4xx_spdifrx.c    0x00000000   Number         0  stm32f4xx_spdifrx.o ABSOLUTE
    ..\\Library\\src\\stm32f4xx_spi.c        0x00000000   Number         0  stm32f4xx_spi.o ABSOLUTE
    ..\\Library\\src\\stm32f4xx_syscfg.c     0x00000000   Number         0  stm32f4xx_syscfg.o ABSOLUTE
    ..\\Library\\src\\stm32f4xx_tim.c        0x00000000   Number         0  stm32f4xx_tim.o ABSOLUTE
    ..\\Library\\src\\stm32f4xx_usart.c      0x00000000   Number         0  stm32f4xx_usart.o ABSOLUTE
    ..\\Library\\src\\stm32f4xx_wwdg.c       0x00000000   Number         0  stm32f4xx_wwdg.o ABSOLUTE
    ..\\User\\I2C.c                          0x00000000   Number         0  i2c.o ABSOLUTE
    ..\\User\\Init.c                         0x00000000   Number         0  init.o ABSOLUTE
    ..\\User\\LED.c                          0x00000000   Number         0  led.o ABSOLUTE
    ..\\User\\Motor.c                        0x00000000   Number         0  motor.o ABSOLUTE
    ..\\User\\Systick.c                      0x00000000   Number         0  systick.o ABSOLUTE
    ..\\User\\Time.c                         0x00000000   Number         0  time.o ABSOLUTE
    ..\\User\\Usart.c                        0x00000000   Number         0  usart.o ABSOLUTE
    ..\\User\\control.c                      0x00000000   Number         0  control.o ABSOLUTE
    ..\\User\\deal_datapacket.c              0x00000000   Number         0  deal_datapacket.o ABSOLUTE
    ..\\User\\dmp_exti.c                     0x00000000   Number         0  dmp_exti.o ABSOLUTE
    ..\\User\\main.c                         0x00000000   Number         0  main.o ABSOLUTE
    ..\\User\\mpu6050.c                      0x00000000   Number         0  mpu6050.o ABSOLUTE
    ..\\User\\ms5611.c                       0x00000000   Number         0  ms5611.o ABSOLUTE
    ..\\User\\scheduler.c                    0x00000000   Number         0  scheduler.o ABSOLUTE
    ..\\eMPL\\ANO_DT.c                       0x00000000   Number         0  ano_dt.o ABSOLUTE
    ..\\eMPL\\inv_mpu.c                      0x00000000   Number         0  inv_mpu.o ABSOLUTE
    ..\\eMPL\\inv_mpu_dmp_motion_driver.c    0x00000000   Number         0  inv_mpu_dmp_motion_driver.o ABSOLUTE
    ..\\eMPL\\mpu_dmp_api.c                  0x00000000   Number         0  mpu_dmp_api.o ABSOLUTE
    ..\eMPL\ANO_DT.c                         0x00000000   Number         0  ano_dt.o ABSOLUTE
    ..\eMPL\inv_mpu.c                        0x00000000   Number         0  inv_mpu.o ABSOLUTE
    ..\eMPL\inv_mpu_dmp_motion_driver.c      0x00000000   Number         0  inv_mpu_dmp_motion_driver.o ABSOLUTE
    ..\eMPL\mpu_dmp_api.c                    0x00000000   Number         0  mpu_dmp_api.o ABSOLUTE
    cdcmple.s                                0x00000000   Number         0  cdcmple.o ABSOLUTE
    cdrcmple.s                               0x00000000   Number         0  cdrcmple.o ABSOLUTE
    dc.s                                     0x00000000   Number         0  dc.o ABSOLUTE
    handlers.s                               0x00000000   Number         0  handlers.o ABSOLUTE
    init.s                                   0x00000000   Number         0  init.o ABSOLUTE
    RESET                                    0x08000000   Section      392  startup_stm32f40xx.o(RESET)
    .ARM.Collect$$$$00000000                 0x08000188   Section        0  entry.o(.ARM.Collect$$$$00000000)
    .ARM.Collect$$$$00000001                 0x08000188   Section        4  entry2.o(.ARM.Collect$$$$00000001)
    .ARM.Collect$$$$00000004                 0x0800018c   Section        4  entry5.o(.ARM.Collect$$$$00000004)
    .ARM.Collect$$$$00000008                 0x08000190   Section        0  entry7b.o(.ARM.Collect$$$$00000008)
    .ARM.Collect$$$$0000000A                 0x08000190   Section        0  entry8b.o(.ARM.Collect$$$$0000000A)
    .ARM.Collect$$$$0000000B                 0x08000190   Section        8  entry9a.o(.ARM.Collect$$$$0000000B)
    .ARM.Collect$$$$0000000D                 0x08000198   Section        0  entry10a.o(.ARM.Collect$$$$0000000D)
    .ARM.Collect$$$$0000000F                 0x08000198   Section        0  entry11a.o(.ARM.Collect$$$$0000000F)
    .ARM.Collect$$$$00002712                 0x08000198   Section        4  entry2.o(.ARM.Collect$$$$00002712)
    __lit__00000000                          0x08000198   Data           4  entry2.o(.ARM.Collect$$$$00002712)
    .text                                    0x0800019c   Section       36  startup_stm32f40xx.o(.text)
    $v0                                      0x0800019c   Number         0  startup_stm32f40xx.o(.text)
    .text                                    0x080001c0   Section        0  dadd.o(.text)
    .text                                    0x0800030e   Section        0  dmul.o(.text)
    .text                                    0x080003f2   Section        0  ddiv.o(.text)
    .text                                    0x080004d0   Section        0  dflti.o(.text)
    .text                                    0x080004f2   Section        0  dfixi.o(.text)
    .text                                    0x08000530   Section        0  f2d.o(.text)
    .text                                    0x08000556   Section        0  d2f.o(.text)
    .text                                    0x0800058e   Section        0  uldiv.o(.text)
    .text                                    0x080005f0   Section        0  llshl.o(.text)
    .text                                    0x0800060e   Section        0  llushr.o(.text)
    .text                                    0x0800062e   Section        0  llsshr.o(.text)
    .text                                    0x08000652   Section        0  fepilogue.o(.text)
    .text                                    0x08000652   Section        0  iusefp.o(.text)
    .text                                    0x080006c0   Section        0  depilogue.o(.text)
    .text                                    0x08000778   Section       36  init.o(.text)
    .text                                    0x0800079c   Section        0  dsqrt.o(.text)
    .text                                    0x0800083e   Section        0  __dczerorl2.o(.text)
    i.ANO_DT_Data_Receive_Anl                0x08000894   Section        0  ano_dt.o(i.ANO_DT_Data_Receive_Anl)
    i.ANO_DT_Data_Receive_Prepare            0x08000c78   Section        0  ano_dt.o(i.ANO_DT_Data_Receive_Prepare)
    i.ANO_DT_Send_Check                      0x08000d60   Section        0  ano_dt.o(i.ANO_DT_Send_Check)
    i.ANO_DT_Send_Data                       0x08000da4   Section        0  ano_dt.o(i.ANO_DT_Send_Data)
    i.ANO_DT_Send_MotoPWM                    0x08000db4   Section        0  ano_dt.o(i.ANO_DT_Send_MotoPWM)
    i.ANO_DT_Send_PID                        0x08000ee0   Section        0  ano_dt.o(i.ANO_DT_Send_PID)
    i.ANO_DT_Send_Status                     0x0800111c   Section        0  ano_dt.o(i.ANO_DT_Send_Status)
    i.CTRL_angular_velocity                  0x08001274   Section        0  control.o(i.CTRL_angular_velocity)
    i.Call_Loop_timer                        0x08001590   Section        0  scheduler.o(i.Call_Loop_timer)
    i.CheckSum                               0x080015ec   Section        0  deal_datapacket.o(i.CheckSum)
    i.Control_test                           0x08001614   Section        0  control.o(i.Control_test)
    i.Data_transfer                          0x08001678   Section        0  ano_dt.o(i.Data_transfer)
    i.DealPwm                                0x08001848   Section        0  control.o(i.DealPwm)
    i.Direction_Control                      0x08001948   Section        0  control.o(i.Direction_Control)
    i.Duty_10ms                              0x08001980   Section        0  scheduler.o(i.Duty_10ms)
    i.Duty_1ms                               0x08001982   Section        0  scheduler.o(i.Duty_1ms)
    i.Duty_20ms                              0x0800198a   Section        0  scheduler.o(i.Duty_20ms)
    i.Duty_2ms                               0x0800198c   Section        0  scheduler.o(i.Duty_2ms)
    i.Duty_500ms                             0x080019a0   Section        0  scheduler.o(i.Duty_500ms)
    i.Duty_50ms                              0x080019c0   Section        0  scheduler.o(i.Duty_50ms)
    i.Duty_5ms                               0x080019c2   Section        0  scheduler.o(i.Duty_5ms)
    i.EXTI9_5_IRQHandler                     0x080019ce   Section        0  stm32f4xx_it.o(i.EXTI9_5_IRQHandler)
    i.EXTI_ClearITPendingBit                 0x080019e0   Section        0  stm32f4xx_exti.o(i.EXTI_ClearITPendingBit)
    i.EXTI_GetITStatus                       0x080019ec   Section        0  stm32f4xx_exti.o(i.EXTI_GetITStatus)
    i.GPIO_Init                              0x08001a04   Section        0  stm32f4xx_gpio.o(i.GPIO_Init)
    i.GPIO_PinAFConfig                       0x08001a94   Section        0  stm32f4xx_gpio.o(i.GPIO_PinAFConfig)
    i.GPIO_SetBits                           0x08001ada   Section        0  stm32f4xx_gpio.o(i.GPIO_SetBits)
    i.GetAck                                 0x08001ae0   Section        0  i2c.o(i.GetAck)
    i.Get_Angle                              0x08001b24   Section        0  control.o(i.Get_Angle)
    i.I2C_ReadSomeDataFromSlave              0x08001bc4   Section        0  i2c.o(i.I2C_ReadSomeDataFromSlave)
    i.I2C_ReadyByte                          0x08001c3c   Section        0  i2c.o(i.I2C_ReadyByte)
    i.I2C_WriteByte                          0x08001c98   Section        0  i2c.o(i.I2C_WriteByte)
    i.I2C_WriteSomeDataToSlave               0x08001d3c   Section        0  i2c.o(i.I2C_WriteSomeDataToSlave)
    i.LED_Connect_Fail                       0x08001d9c   Section        0  led.o(i.LED_Connect_Fail)
    i.LED_Init                               0x08001db0   Section        0  led.o(i.LED_Init)
    i.LED_Locked                             0x08001e00   Section        0  led.o(i.LED_Locked)
    i.LED_Unlocked                           0x08001e14   Section        0  led.o(i.LED_Unlocked)
    i.Main_Loop                              0x08001e28   Section        0  scheduler.o(i.Main_Loop)
    i.Moto_PwmRflash                         0x08001ebc   Section        0  motor.o(i.Moto_PwmRflash)
    i.NVIC_Init                              0x08001f00   Section        0  misc.o(i.NVIC_Init)
    i.NVIC_PriorityGroupConfig               0x08001f78   Section        0  misc.o(i.NVIC_PriorityGroupConfig)
    i.PackData                               0x08001f8c   Section        0  deal_datapacket.o(i.PackData)
    i.RCC_AHB1PeriphClockCmd                 0x08001ff4   Section        0  stm32f4xx_rcc.o(i.RCC_AHB1PeriphClockCmd)
    i.RCC_APB1PeriphClockCmd                 0x08002014   Section        0  stm32f4xx_rcc.o(i.RCC_APB1PeriphClockCmd)
    i.RCC_APB2PeriphClockCmd                 0x08002034   Section        0  stm32f4xx_rcc.o(i.RCC_APB2PeriphClockCmd)
    i.RCC_GetClocksFreq                      0x08002054   Section        0  stm32f4xx_rcc.o(i.RCC_GetClocksFreq)
    i.SetAck                                 0x0800213c   Section        0  i2c.o(i.SetAck)
    i.SetSysClock                            0x080021c4   Section        0  system_stm32f4xx.o(i.SetSysClock)
    SetSysClock                              0x080021c5   Thumb Code   220  system_stm32f4xx.o(i.SetSysClock)
    i.Set_Pwm                                0x080022b0   Section        0  control.o(i.Set_Pwm)
    i.Start                                  0x08002408   Section        0  i2c.o(i.Start)
    i.Stop                                   0x08002478   Section        0  i2c.o(i.Stop)
    i.SystemInit                             0x080024d0   Section        0  system_stm32f4xx.o(i.SystemInit)
    i.TIM2_IRQHandler                        0x08002538   Section        0  stm32f4xx_it.o(i.TIM2_IRQHandler)
    i.TIM_ClearITPendingBit                  0x08002564   Section        0  stm32f4xx_tim.o(i.TIM_ClearITPendingBit)
    i.TIM_Cmd                                0x0800256a   Section        0  stm32f4xx_tim.o(i.TIM_Cmd)
    i.TIM_GetITStatus                        0x08002582   Section        0  stm32f4xx_tim.o(i.TIM_GetITStatus)
    i.TIM_ITConfig                           0x080025a4   Section        0  stm32f4xx_tim.o(i.TIM_ITConfig)
    i.TIM_TimeBaseInit                       0x080025b8   Section        0  stm32f4xx_tim.o(i.TIM_TimeBaseInit)
    i.Time2_Init                             0x0800263c   Section        0  time.o(i.Time2_Init)
    i.UART4_IRQHandler                       0x0800269c   Section        0  stm32f4xx_it.o(i.UART4_IRQHandler)
    i.USART1_Config                          0x080026d0   Section        0  usart.o(i.USART1_Config)
    i.USART1_GPIO_Config                     0x08002748   Section        0  usart.o(i.USART1_GPIO_Config)
    i.USART1_IRQHandler                      0x08002784   Section        0  stm32f4xx_it.o(i.USART1_IRQHandler)
    i.USART1_SendByByter                     0x080027b4   Section        0  usart.o(i.USART1_SendByByter)
    i.USART2_Config                          0x080027dc   Section        0  usart.o(i.USART2_Config)
    i.USART2_GPIO_Config                     0x08002854   Section        0  usart.o(i.USART2_GPIO_Config)
    i.USART2_IRQHandler                      0x08002890   Section        0  stm32f4xx_it.o(i.USART2_IRQHandler)
    i.USART2_SendByByter                     0x080028c4   Section        0  usart.o(i.USART2_SendByByter)
    i.USART_ClearITPendingBit                0x080028ec   Section        0  stm32f4xx_usart.o(i.USART_ClearITPendingBit)
    i.USART_Cmd                              0x0800290a   Section        0  stm32f4xx_usart.o(i.USART_Cmd)
    i.USART_GetFlagStatus                    0x08002922   Section        0  stm32f4xx_usart.o(i.USART_GetFlagStatus)
    i.USART_GetITStatus                      0x0800293c   Section        0  stm32f4xx_usart.o(i.USART_GetITStatus)
    i.USART_ITConfig                         0x08002990   Section        0  stm32f4xx_usart.o(i.USART_ITConfig)
    i.USART_Init                             0x080029dc   Section        0  stm32f4xx_usart.o(i.USART_Init)
    i.USART_ReceiveData                      0x08002ab0   Section        0  stm32f4xx_usart.o(i.USART_ReceiveData)
    i.USART_SendData                         0x08002aba   Section        0  stm32f4xx_usart.o(i.USART_SendData)
    i.UnpackData                             0x08002ac4   Section        0  deal_datapacket.o(i.UnpackData)
    i.Usart1_Send                            0x08002b3c   Section        0  usart.o(i.Usart1_Send)
    i.Usart2_Send                            0x08002b58   Section        0  usart.o(i.Usart2_Send)
    i.WR_Init                                0x08002b74   Section        0  init.o(i.WR_Init)
    i._I2C_IsBusy                            0x08002b9c   Section        0  i2c.o(i._I2C_IsBusy)
    i.__0printf$8                            0x08002bdc   Section        0  printf8.o(i.__0printf$8)
    i.__ARM_fpclassify                       0x08002bfc   Section        0  fpclassify.o(i.__ARM_fpclassify)
    i.__hardfp_asin                          0x08002c30   Section        0  asin.o(i.__hardfp_asin)
    i.__hardfp_atan                          0x08002fa0   Section        0  atan.o(i.__hardfp_atan)
    i.__hardfp_atan2                         0x08003280   Section        0  atan2.o(i.__hardfp_atan2)
    i.__kernel_poly                          0x08003470   Section        0  poly.o(i.__kernel_poly)
    i.__mathlib_dbl_underflow                0x08003568   Section        0  dunder.o(i.__mathlib_dbl_underflow)
    i.__scatterload_copy                     0x08003588   Section       14  handlers.o(i.__scatterload_copy)
    i.__scatterload_null                     0x08003596   Section        2  handlers.o(i.__scatterload_null)
    i.__scatterload_zeroinit                 0x08003598   Section       14  handlers.o(i.__scatterload_zeroinit)
    i.__set_errno                            0x080035a8   Section        0  errno.o(i.__set_errno)
    i._printf_core                           0x080035b4   Section        0  printf8.o(i._printf_core)
    _printf_core                             0x080035b5   Thumb Code   988  printf8.o(i._printf_core)
    i._printf_post_padding                   0x080039bc   Section        0  printf8.o(i._printf_post_padding)
    _printf_post_padding                     0x080039bd   Thumb Code    36  printf8.o(i._printf_post_padding)
    i._printf_pre_padding                    0x080039e0   Section        0  printf8.o(i._printf_pre_padding)
    _printf_pre_padding                      0x080039e1   Thumb Code    46  printf8.o(i._printf_pre_padding)
    i.atan                                   0x08003a0e   Section        0  atan.o(i.atan)
    i.decode_gesture                         0x08003a20   Section        0  inv_mpu_dmp_motion_driver.o(i.decode_gesture)
    decode_gesture                           0x08003a21   Thumb Code    94  inv_mpu_dmp_motion_driver.o(i.decode_gesture)
    i.delay_ms                               0x08003a84   Section        0  systick.o(i.delay_ms)
    i.delay_us                               0x08003ac4   Section        0  systick.o(i.delay_us)
    i.dmp_getdata                            0x08003b00   Section        0  mpu_dmp_api.o(i.dmp_getdata)
    i.dmp_read_fifo                          0x08003e08   Section        0  inv_mpu_dmp_motion_driver.o(i.dmp_read_fifo)
    i.errcopy                                0x08003fd4   Section        0  deal_datapacket.o(i.errcopy)
    i.fabs                                   0x08003fec   Section        0  fabs.o(i.fabs)
    i.fputc                                  0x08004004   Section        0  usart.o(i.fputc)
    i.get_ms                                 0x08004028   Section        0  inv_mpu.o(i.get_ms)
    i.gyro_data_ready_cb                     0x0800402c   Section        0  mpu_dmp_api.o(i.gyro_data_ready_cb)
    i.importData                             0x08004038   Section        0  deal_datapacket.o(i.importData)
    i.main                                   0x080040e8   Section        0  main.o(i.main)
    i.mpu_read_fifo                          0x080040f4   Section        0  inv_mpu.o(i.mpu_read_fifo)
    i.mpu_read_fifo_stream                   0x080042ec   Section        0  inv_mpu.o(i.mpu_read_fifo_stream)
    i.mpu_reset_fifo                         0x080043ac   Section        0  inv_mpu.o(i.mpu_reset_fifo)
    i.reformat                               0x08004574   Section        0  deal_datapacket.o(i.reformat)
    i.sqrt                                   0x080045bc   Section        0  sqrt.o(i.sqrt)
    .constdata                               0x0800462c   Section       84  inv_mpu.o(.constdata)
    .constdata                               0x08004680   Section       80  asin.o(.constdata)
    pS                                       0x08004680   Data          48  asin.o(.constdata)
    qS                                       0x080046b0   Data          32  asin.o(.constdata)
    .constdata                               0x080046d0   Section      152  atan.o(.constdata)
    atanhi                                   0x080046d0   Data          32  atan.o(.constdata)
    atanlo                                   0x080046f0   Data          32  atan.o(.constdata)
    aTodd                                    0x08004710   Data          40  atan.o(.constdata)
    aTeven                                   0x08004738   Data          48  atan.o(.constdata)
    .constdata                               0x08004768   Section        8  qnan.o(.constdata)
    .data                                    0x20000000   Section       16  stm32f4xx_rcc.o(.data)
    APBAHBPrescTable                         0x20000000   Data          16  stm32f4xx_rcc.o(.data)
    .data                                    0x20000010   Section        1  init.o(.data)
    .data                                    0x20000014   Section       18  deal_datapacket.o(.data)
    .data                                    0x20000028   Section      248  control.o(.data)
    flag_Y                                   0x20000119   Data           1  control.o(.data)
    flag_X                                   0x2000011a   Data           1  control.o(.data)
    flag_Z                                   0x2000011b   Data           1  control.o(.data)
    max                                      0x2000011c   Data           2  control.o(.data)
    min                                      0x2000011e   Data           2  control.o(.data)
    .data                                    0x20000120   Section       44  inv_mpu.o(.data)
    st                                       0x20000120   Data          44  inv_mpu.o(.data)
    .data                                    0x2000014c   Section        7  ano_dt.o(.data)
    cnt                                      0x2000014c   Data           4  ano_dt.o(.data)
    _data_len                                0x20000150   Data           1  ano_dt.o(.data)
    _data_cnt                                0x20000151   Data           1  ano_dt.o(.data)
    state                                    0x20000152   Data           1  ano_dt.o(.data)
    .data                                    0x20000154   Section       60  mpu_dmp_api.o(.data)
    gyro_orientation                         0x20000155   Data           9  mpu_dmp_api.o(.data)
    .data                                    0x20000190   Section        4  stdout.o(.data)
    .data                                    0x20000194   Section        4  errno.o(.data)
    _errno                                   0x20000194   Data           4  errno.o(.data)
    .bss                                     0x20000198   Section       12  usart.o(.bss)
    .bss                                     0x200001a4   Section       14  scheduler.o(.bss)
    .bss                                     0x200001b2   Section      370  deal_datapacket.o(.bss)
    .bss                                     0x20000324   Section       16  inv_mpu_dmp_motion_driver.o(.bss)
    dmp                                      0x20000324   Data          16  inv_mpu_dmp_motion_driver.o(.bss)
    .bss                                     0x20000334   Section      115  ano_dt.o(.bss)
    RxBuffer                                 0x20000375   Data          50  ano_dt.o(.bss)
    .bss                                     0x200003a8   Section       32  mpu_dmp_api.o(.bss)
    hal                                      0x200003a8   Data          14  mpu_dmp_api.o(.bss)
    STACK                                    0x200003c8   Section     1024  startup_stm32f40xx.o(STACK)

    Global Symbols

    Symbol Name                              Value     Ov Type        Size  Object(Section)

    BuildAttributes$$THM_ISAv4$E$P$D$K$B$S$7EM$VFPi3$EXTD16$VFPS$VFMA$PE$A:L22UL41UL21$X:L11$S22US41US21$IEEE1$IW$USESV6$~STKCKD$USESV7$~SHL$OTIME$ROPI$IEEEX$EBA8$MICROLIB$REQ8$PRES8$EABIv2 0x00000000   Number         0  anon$$obj.o ABSOLUTE
    __ARM_use_no_argv                        0x00000000   Number         0  main.o ABSOLUTE
    _printf_a                                0x00000000   Number         0  stubs.o ABSOLUTE
    _printf_c                                0x00000000   Number         0  stubs.o ABSOLUTE
    _printf_charcount                        0x00000000   Number         0  stubs.o ABSOLUTE
    _printf_d                                0x00000000   Number         0  stubs.o ABSOLUTE
    _printf_e                                0x00000000   Number         0  stubs.o ABSOLUTE
    _printf_f                                0x00000000   Number         0  stubs.o ABSOLUTE
    _printf_flags                            0x00000000   Number         0  stubs.o ABSOLUTE
    _printf_fp_dec                           0x00000000   Number         0  stubs.o ABSOLUTE
    _printf_fp_hex                           0x00000000   Number         0  stubs.o ABSOLUTE
    _printf_g                                0x00000000   Number         0  stubs.o ABSOLUTE
    _printf_i                                0x00000000   Number         0  stubs.o ABSOLUTE
    _printf_int_dec                          0x00000000   Number         0  stubs.o ABSOLUTE
    _printf_l                                0x00000000   Number         0  stubs.o ABSOLUTE
    _printf_lc                               0x00000000   Number         0  stubs.o ABSOLUTE
    _printf_ll                               0x00000000   Number         0  stubs.o ABSOLUTE
    _printf_lld                              0x00000000   Number         0  stubs.o ABSOLUTE
    _printf_lli                              0x00000000   Number         0  stubs.o ABSOLUTE
    _printf_llo                              0x00000000   Number         0  stubs.o ABSOLUTE
    _printf_llu                              0x00000000   Number         0  stubs.o ABSOLUTE
    _printf_llx                              0x00000000   Number         0  stubs.o ABSOLUTE
    _printf_longlong_dec                     0x00000000   Number         0  stubs.o ABSOLUTE
    _printf_longlong_hex                     0x00000000   Number         0  stubs.o ABSOLUTE
    _printf_longlong_oct                     0x00000000   Number         0  stubs.o ABSOLUTE
    _printf_ls                               0x00000000   Number         0  stubs.o ABSOLUTE
    _printf_mbtowc                           0x00000000   Number         0  stubs.o ABSOLUTE
    _printf_n                                0x00000000   Number         0  stubs.o ABSOLUTE
    _printf_o                                0x00000000   Number         0  stubs.o ABSOLUTE
    _printf_p                                0x00000000   Number         0  stubs.o ABSOLUTE
    _printf_percent                          0x00000000   Number         0  stubs.o ABSOLUTE
    _printf_pre_padding                      0x00000000   Number         0  stubs.o ABSOLUTE
    _printf_return_value                     0x00000000   Number         0  stubs.o ABSOLUTE
    _printf_s                                0x00000000   Number         0  stubs.o ABSOLUTE
    _printf_sizespec                         0x00000000   Number         0  stubs.o ABSOLUTE
    _printf_str                              0x00000000   Number         0  stubs.o ABSOLUTE
    _printf_truncate_signed                  0x00000000   Number         0  stubs.o ABSOLUTE
    _printf_truncate_unsigned                0x00000000   Number         0  stubs.o ABSOLUTE
    _printf_u                                0x00000000   Number         0  stubs.o ABSOLUTE
    _printf_wc                               0x00000000   Number         0  stubs.o ABSOLUTE
    _printf_wctomb                           0x00000000   Number         0  stubs.o ABSOLUTE
    _printf_widthprec                        0x00000000   Number         0  stubs.o ABSOLUTE
    _printf_x                                0x00000000   Number         0  stubs.o ABSOLUTE
    __cpp_initialize__aeabi_                  - Undefined Weak Reference
    __cxa_finalize                            - Undefined Weak Reference
    _clock_init                               - Undefined Weak Reference
    _microlib_exit                            - Undefined Weak Reference
    __Vectors_Size                           0x00000188   Number         0  startup_stm32f40xx.o ABSOLUTE
    __Vectors                                0x08000000   Data           4  startup_stm32f40xx.o(RESET)
    __Vectors_End                            0x08000188   Data           0  startup_stm32f40xx.o(RESET)
    __main                                   0x08000189   Thumb Code     0  entry.o(.ARM.Collect$$$$00000000)
    _main_stk                                0x08000189   Thumb Code     0  entry2.o(.ARM.Collect$$$$00000001)
    _main_scatterload                        0x0800018d   Thumb Code     0  entry5.o(.ARM.Collect$$$$00000004)
    __main_after_scatterload                 0x08000191   Thumb Code     0  entry5.o(.ARM.Collect$$$$00000004)
    _main_clock                              0x08000191   Thumb Code     0  entry7b.o(.ARM.Collect$$$$00000008)
    _main_cpp_init                           0x08000191   Thumb Code     0  entry8b.o(.ARM.Collect$$$$0000000A)
    _main_init                               0x08000191   Thumb Code     0  entry9a.o(.ARM.Collect$$$$0000000B)
    __rt_final_cpp                           0x08000199   Thumb Code     0  entry10a.o(.ARM.Collect$$$$0000000D)
    __rt_final_exit                          0x08000199   Thumb Code     0  entry11a.o(.ARM.Collect$$$$0000000F)
    Reset_Handler                            0x0800019d   Thumb Code     8  startup_stm32f40xx.o(.text)
    NMI_Handler                              0x080001a5   Thumb Code     2  startup_stm32f40xx.o(.text)
    HardFault_Handler                        0x080001a7   Thumb Code     2  startup_stm32f40xx.o(.text)
    MemManage_Handler                        0x080001a9   Thumb Code     2  startup_stm32f40xx.o(.text)
    BusFault_Handler                         0x080001ab   Thumb Code     2  startup_stm32f40xx.o(.text)
    UsageFault_Handler                       0x080001ad   Thumb Code     2  startup_stm32f40xx.o(.text)
    SVC_Handler                              0x080001af   Thumb Code     2  startup_stm32f40xx.o(.text)
    DebugMon_Handler                         0x080001b1   Thumb Code     2  startup_stm32f40xx.o(.text)
    PendSV_Handler                           0x080001b3   Thumb Code     2  startup_stm32f40xx.o(.text)
    SysTick_Handler                          0x080001b5   Thumb Code     2  startup_stm32f40xx.o(.text)
    ADC_IRQHandler                           0x080001b7   Thumb Code     0  startup_stm32f40xx.o(.text)
    CAN1_RX0_IRQHandler                      0x080001b7   Thumb Code     0  startup_stm32f40xx.o(.text)
    CAN1_RX1_IRQHandler                      0x080001b7   Thumb Code     0  startup_stm32f40xx.o(.text)
    CAN1_SCE_IRQHandler                      0x080001b7   Thumb Code     0  startup_stm32f40xx.o(.text)
    CAN1_TX_IRQHandler                       0x080001b7   Thumb Code     0  startup_stm32f40xx.o(.text)
    CAN2_RX0_IRQHandler                      0x080001b7   Thumb Code     0  startup_stm32f40xx.o(.text)
    CAN2_RX1_IRQHandler                      0x080001b7   Thumb Code     0  startup_stm32f40xx.o(.text)
    CAN2_SCE_IRQHandler                      0x080001b7   Thumb Code     0  startup_stm32f40xx.o(.text)
    CAN2_TX_IRQHandler                       0x080001b7   Thumb Code     0  startup_stm32f40xx.o(.text)
    CRYP_IRQHandler                          0x080001b7   Thumb Code     0  startup_stm32f40xx.o(.text)
    DCMI_IRQHandler                          0x080001b7   Thumb Code     0  startup_stm32f40xx.o(.text)
    DMA1_Stream0_IRQHandler                  0x080001b7   Thumb Code     0  startup_stm32f40xx.o(.text)
    DMA1_Stream1_IRQHandler                  0x080001b7   Thumb Code     0  startup_stm32f40xx.o(.text)
    DMA1_Stream2_IRQHandler                  0x080001b7   Thumb Code     0  startup_stm32f40xx.o(.text)
    DMA1_Stream3_IRQHandler                  0x080001b7   Thumb Code     0  startup_stm32f40xx.o(.text)
    DMA1_Stream4_IRQHandler                  0x080001b7   Thumb Code     0  startup_stm32f40xx.o(.text)
    DMA1_Stream5_IRQHandler                  0x080001b7   Thumb Code     0  startup_stm32f40xx.o(.text)
    DMA1_Stream6_IRQHandler                  0x080001b7   Thumb Code     0  startup_stm32f40xx.o(.text)
    DMA1_Stream7_IRQHandler                  0x080001b7   Thumb Code     0  startup_stm32f40xx.o(.text)
    DMA2_Stream0_IRQHandler                  0x080001b7   Thumb Code     0  startup_stm32f40xx.o(.text)
    DMA2_Stream1_IRQHandler                  0x080001b7   Thumb Code     0  startup_stm32f40xx.o(.text)
    DMA2_Stream2_IRQHandler                  0x080001b7   Thumb Code     0  startup_stm32f40xx.o(.text)
    DMA2_Stream3_IRQHandler                  0x080001b7   Thumb Code     0  startup_stm32f40xx.o(.text)
    DMA2_Stream4_IRQHandler                  0x080001b7   Thumb Code     0  startup_stm32f40xx.o(.text)
    DMA2_Stream5_IRQHandler                  0x080001b7   Thumb Code     0  startup_stm32f40xx.o(.text)
    DMA2_Stream6_IRQHandler                  0x080001b7   Thumb Code     0  startup_stm32f40xx.o(.text)
    DMA2_Stream7_IRQHandler                  0x080001b7   Thumb Code     0  startup_stm32f40xx.o(.text)
    ETH_IRQHandler                           0x080001b7   Thumb Code     0  startup_stm32f40xx.o(.text)
    ETH_WKUP_IRQHandler                      0x080001b7   Thumb Code     0  startup_stm32f40xx.o(.text)
    EXTI0_IRQHandler                         0x080001b7   Thumb Code     0  startup_stm32f40xx.o(.text)
    EXTI15_10_IRQHandler                     0x080001b7   Thumb Code     0  startup_stm32f40xx.o(.text)
    EXTI1_IRQHandler                         0x080001b7   Thumb Code     0  startup_stm32f40xx.o(.text)
    EXTI2_IRQHandler                         0x080001b7   Thumb Code     0  startup_stm32f40xx.o(.text)
    EXTI3_IRQHandler                         0x080001b7   Thumb Code     0  startup_stm32f40xx.o(.text)
    EXTI4_IRQHandler                         0x080001b7   Thumb Code     0  startup_stm32f40xx.o(.text)
    FLASH_IRQHandler                         0x080001b7   Thumb Code     0  startup_stm32f40xx.o(.text)
    FPU_IRQHandler                           0x080001b7   Thumb Code     0  startup_stm32f40xx.o(.text)
    FSMC_IRQHandler                          0x080001b7   Thumb Code     0  startup_stm32f40xx.o(.text)
    HASH_RNG_IRQHandler                      0x080001b7   Thumb Code     0  startup_stm32f40xx.o(.text)
    I2C1_ER_IRQHandler                       0x080001b7   Thumb Code     0  startup_stm32f40xx.o(.text)
    I2C1_EV_IRQHandler                       0x080001b7   Thumb Code     0  startup_stm32f40xx.o(.text)
    I2C2_ER_IRQHandler                       0x080001b7   Thumb Code     0  startup_stm32f40xx.o(.text)
    I2C2_EV_IRQHandler                       0x080001b7   Thumb Code     0  startup_stm32f40xx.o(.text)
    I2C3_ER_IRQHandler                       0x080001b7   Thumb Code     0  startup_stm32f40xx.o(.text)
    I2C3_EV_IRQHandler                       0x080001b7   Thumb Code     0  startup_stm32f40xx.o(.text)
    OTG_FS_IRQHandler                        0x080001b7   Thumb Code     0  startup_stm32f40xx.o(.text)
    OTG_FS_WKUP_IRQHandler                   0x080001b7   Thumb Code     0  startup_stm32f40xx.o(.text)
    OTG_HS_EP1_IN_IRQHandler                 0x080001b7   Thumb Code     0  startup_stm32f40xx.o(.text)
    OTG_HS_EP1_OUT_IRQHandler                0x080001b7   Thumb Code     0  startup_stm32f40xx.o(.text)
    OTG_HS_IRQHandler                        0x080001b7   Thumb Code     0  startup_stm32f40xx.o(.text)
    OTG_HS_WKUP_IRQHandler                   0x080001b7   Thumb Code     0  startup_stm32f40xx.o(.text)
    PVD_IRQHandler                           0x080001b7   Thumb Code     0  startup_stm32f40xx.o(.text)
    RCC_IRQHandler                           0x080001b7   Thumb Code     0  startup_stm32f40xx.o(.text)
    RTC_Alarm_IRQHandler                     0x080001b7   Thumb Code     0  startup_stm32f40xx.o(.text)
    RTC_WKUP_IRQHandler                      0x080001b7   Thumb Code     0  startup_stm32f40xx.o(.text)
    SDIO_IRQHandler                          0x080001b7   Thumb Code     0  startup_stm32f40xx.o(.text)
    SPI1_IRQHandler                          0x080001b7   Thumb Code     0  startup_stm32f40xx.o(.text)
    SPI2_IRQHandler                          0x080001b7   Thumb Code     0  startup_stm32f40xx.o(.text)
    SPI3_IRQHandler                          0x080001b7   Thumb Code     0  startup_stm32f40xx.o(.text)
    TAMP_STAMP_IRQHandler                    0x080001b7   Thumb Code     0  startup_stm32f40xx.o(.text)
    TIM1_BRK_TIM9_IRQHandler                 0x080001b7   Thumb Code     0  startup_stm32f40xx.o(.text)
    TIM1_CC_IRQHandler                       0x080001b7   Thumb Code     0  startup_stm32f40xx.o(.text)
    TIM1_TRG_COM_TIM11_IRQHandler            0x080001b7   Thumb Code     0  startup_stm32f40xx.o(.text)
    TIM1_UP_TIM10_IRQHandler                 0x080001b7   Thumb Code     0  startup_stm32f40xx.o(.text)
    TIM3_IRQHandler                          0x080001b7   Thumb Code     0  startup_stm32f40xx.o(.text)
    TIM4_IRQHandler                          0x080001b7   Thumb Code     0  startup_stm32f40xx.o(.text)
    TIM5_IRQHandler                          0x080001b7   Thumb Code     0  startup_stm32f40xx.o(.text)
    TIM6_DAC_IRQHandler                      0x080001b7   Thumb Code     0  startup_stm32f40xx.o(.text)
    TIM7_IRQHandler                          0x080001b7   Thumb Code     0  startup_stm32f40xx.o(.text)
    TIM8_BRK_TIM12_IRQHandler                0x080001b7   Thumb Code     0  startup_stm32f40xx.o(.text)
    TIM8_CC_IRQHandler                       0x080001b7   Thumb Code     0  startup_stm32f40xx.o(.text)
    TIM8_TRG_COM_TIM14_IRQHandler            0x080001b7   Thumb Code     0  startup_stm32f40xx.o(.text)
    TIM8_UP_TIM13_IRQHandler                 0x080001b7   Thumb Code     0  startup_stm32f40xx.o(.text)
    UART5_IRQHandler                         0x080001b7   Thumb Code     0  startup_stm32f40xx.o(.text)
    USART3_IRQHandler                        0x080001b7   Thumb Code     0  startup_stm32f40xx.o(.text)
    USART6_IRQHandler                        0x080001b7   Thumb Code     0  startup_stm32f40xx.o(.text)
    WWDG_IRQHandler                          0x080001b7   Thumb Code     0  startup_stm32f40xx.o(.text)
    __aeabi_dadd                             0x080001c1   Thumb Code   322  dadd.o(.text)
    __aeabi_dsub                             0x08000303   Thumb Code     6  dadd.o(.text)
    __aeabi_drsub                            0x08000309   Thumb Code     6  dadd.o(.text)
    __aeabi_dmul                             0x0800030f   Thumb Code   228  dmul.o(.text)
    __aeabi_ddiv                             0x080003f3   Thumb Code   222  ddiv.o(.text)
    __aeabi_i2d                              0x080004d1   Thumb Code    34  dflti.o(.text)
    __aeabi_d2iz                             0x080004f3   Thumb Code    62  dfixi.o(.text)
    __aeabi_f2d                              0x08000531   Thumb Code    38  f2d.o(.text)
    __aeabi_d2f                              0x08000557   Thumb Code    56  d2f.o(.text)
    __aeabi_uldivmod                         0x0800058f   Thumb Code    98  uldiv.o(.text)
    __aeabi_llsl                             0x080005f1   Thumb Code    30  llshl.o(.text)
    _ll_shift_l                              0x080005f1   Thumb Code     0  llshl.o(.text)
    __aeabi_llsr                             0x0800060f   Thumb Code    32  llushr.o(.text)
    _ll_ushift_r                             0x0800060f   Thumb Code     0  llushr.o(.text)
    __aeabi_lasr                             0x0800062f   Thumb Code    36  llsshr.o(.text)
    _ll_sshift_r                             0x0800062f   Thumb Code     0  llsshr.o(.text)
    __I$use$fp                               0x08000653   Thumb Code     0  iusefp.o(.text)
    _float_round                             0x08000653   Thumb Code    18  fepilogue.o(.text)
    _float_epilogue                          0x08000665   Thumb Code    92  fepilogue.o(.text)
    _double_round                            0x080006c1   Thumb Code    26  depilogue.o(.text)
    _double_epilogue                         0x080006db   Thumb Code   156  depilogue.o(.text)
    __scatterload                            0x08000779   Thumb Code    28  init.o(.text)
    __scatterload_rt2                        0x08000779   Thumb Code     0  init.o(.text)
    _dsqrt                                   0x0800079d   Thumb Code   162  dsqrt.o(.text)
    __decompress                             0x0800083f   Thumb Code     0  __dczerorl2.o(.text)
    __decompress1                            0x0800083f   Thumb Code    86  __dczerorl2.o(.text)
    ANO_DT_Data_Receive_Anl                  0x08000895   Thumb Code   912  ano_dt.o(i.ANO_DT_Data_Receive_Anl)
    ANO_DT_Data_Receive_Prepare              0x08000c79   Thumb Code   216  ano_dt.o(i.ANO_DT_Data_Receive_Prepare)
    ANO_DT_Send_Check                        0x08000d61   Thumb Code    62  ano_dt.o(i.ANO_DT_Send_Check)
    ANO_DT_Send_Data                         0x08000da5   Thumb Code    16  ano_dt.o(i.ANO_DT_Send_Data)
    ANO_DT_Send_MotoPWM                      0x08000db5   Thumb Code   294  ano_dt.o(i.ANO_DT_Send_MotoPWM)
    ANO_DT_Send_PID                          0x08000ee1   Thumb Code   562  ano_dt.o(i.ANO_DT_Send_PID)
    ANO_DT_Send_Status                       0x0800111d   Thumb Code   336  ano_dt.o(i.ANO_DT_Send_Status)
    CTRL_angular_velocity                    0x08001275   Thumb Code   626  control.o(i.CTRL_angular_velocity)
    Call_Loop_timer                          0x08001591   Thumb Code    88  scheduler.o(i.Call_Loop_timer)
    CheckSum                                 0x080015ed   Thumb Code    38  deal_datapacket.o(i.CheckSum)
    Control_test                             0x08001615   Thumb Code    78  control.o(i.Control_test)
    Data_transfer                            0x08001679   Thumb Code   360  ano_dt.o(i.Data_transfer)
    DealPwm                                  0x08001849   Thumb Code   202  control.o(i.DealPwm)
    Direction_Control                        0x08001949   Thumb Code    44  control.o(i.Direction_Control)
    Duty_10ms                                0x08001981   Thumb Code     2  scheduler.o(i.Duty_10ms)
    Duty_1ms                                 0x08001983   Thumb Code     8  scheduler.o(i.Duty_1ms)
    Duty_20ms                                0x0800198b   Thumb Code     2  scheduler.o(i.Duty_20ms)
    Duty_2ms                                 0x0800198d   Thumb Code    20  scheduler.o(i.Duty_2ms)
    Duty_500ms                               0x080019a1   Thumb Code    24  scheduler.o(i.Duty_500ms)
    Duty_50ms                                0x080019c1   Thumb Code     2  scheduler.o(i.Duty_50ms)
    Duty_5ms                                 0x080019c3   Thumb Code    12  scheduler.o(i.Duty_5ms)
    EXTI9_5_IRQHandler                       0x080019cf   Thumb Code    18  stm32f4xx_it.o(i.EXTI9_5_IRQHandler)
    EXTI_ClearITPendingBit                   0x080019e1   Thumb Code     6  stm32f4xx_exti.o(i.EXTI_ClearITPendingBit)
    EXTI_GetITStatus                         0x080019ed   Thumb Code    20  stm32f4xx_exti.o(i.EXTI_GetITStatus)
    GPIO_Init                                0x08001a05   Thumb Code   144  stm32f4xx_gpio.o(i.GPIO_Init)
    GPIO_PinAFConfig                         0x08001a95   Thumb Code    70  stm32f4xx_gpio.o(i.GPIO_PinAFConfig)
    GPIO_SetBits                             0x08001adb   Thumb Code     4  stm32f4xx_gpio.o(i.GPIO_SetBits)
    GetAck                                   0x08001ae1   Thumb Code    64  i2c.o(i.GetAck)
    Get_Angle                                0x08001b25   Thumb Code   136  control.o(i.Get_Angle)
    I2C_ReadSomeDataFromSlave                0x08001bc5   Thumb Code   120  i2c.o(i.I2C_ReadSomeDataFromSlave)
    I2C_ReadyByte                            0x08001c3d   Thumb Code    88  i2c.o(i.I2C_ReadyByte)
    I2C_WriteByte                            0x08001c99   Thumb Code   160  i2c.o(i.I2C_WriteByte)
    I2C_WriteSomeDataToSlave                 0x08001d3d   Thumb Code    96  i2c.o(i.I2C_WriteSomeDataToSlave)
    LED_Connect_Fail                         0x08001d9d   Thumb Code    16  led.o(i.LED_Connect_Fail)
    LED_Init                                 0x08001db1   Thumb Code    74  led.o(i.LED_Init)
    LED_Locked                               0x08001e01   Thumb Code    16  led.o(i.LED_Locked)
    LED_Unlocked                             0x08001e15   Thumb Code    16  led.o(i.LED_Unlocked)
    Main_Loop                                0x08001e29   Thumb Code   142  scheduler.o(i.Main_Loop)
    Moto_PwmRflash                           0x08001ebd   Thumb Code    62  motor.o(i.Moto_PwmRflash)
    NVIC_Init                                0x08001f01   Thumb Code   106  misc.o(i.NVIC_Init)
    NVIC_PriorityGroupConfig                 0x08001f79   Thumb Code    10  misc.o(i.NVIC_PriorityGroupConfig)
    PackData                                 0x08001f8d   Thumb Code    84  deal_datapacket.o(i.PackData)
    RCC_AHB1PeriphClockCmd                   0x08001ff5   Thumb Code    26  stm32f4xx_rcc.o(i.RCC_AHB1PeriphClockCmd)
    RCC_APB1PeriphClockCmd                   0x08002015   Thumb Code    26  stm32f4xx_rcc.o(i.RCC_APB1PeriphClockCmd)
    RCC_APB2PeriphClockCmd                   0x08002035   Thumb Code    26  stm32f4xx_rcc.o(i.RCC_APB2PeriphClockCmd)
    RCC_GetClocksFreq                        0x08002055   Thumb Code   214  stm32f4xx_rcc.o(i.RCC_GetClocksFreq)
    SetAck                                   0x0800213d   Thumb Code   132  i2c.o(i.SetAck)
    Set_Pwm                                  0x080022b1   Thumb Code   314  control.o(i.Set_Pwm)
    Start                                    0x08002409   Thumb Code   106  i2c.o(i.Start)
    Stop                                     0x08002479   Thumb Code    84  i2c.o(i.Stop)
    SystemInit                               0x080024d1   Thumb Code    88  system_stm32f4xx.o(i.SystemInit)
    TIM2_IRQHandler                          0x08002539   Thumb Code    38  stm32f4xx_it.o(i.TIM2_IRQHandler)
    TIM_ClearITPendingBit                    0x08002565   Thumb Code     6  stm32f4xx_tim.o(i.TIM_ClearITPendingBit)
    TIM_Cmd                                  0x0800256b   Thumb Code    24  stm32f4xx_tim.o(i.TIM_Cmd)
    TIM_GetITStatus                          0x08002583   Thumb Code    34  stm32f4xx_tim.o(i.TIM_GetITStatus)
    TIM_ITConfig                             0x080025a5   Thumb Code    18  stm32f4xx_tim.o(i.TIM_ITConfig)
    TIM_TimeBaseInit                         0x080025b9   Thumb Code   104  stm32f4xx_tim.o(i.TIM_TimeBaseInit)
    Time2_Init                               0x0800263d   Thumb Code    94  time.o(i.Time2_Init)
    UART4_IRQHandler                         0x0800269d   Thumb Code    44  stm32f4xx_it.o(i.UART4_IRQHandler)
    USART1_Config                            0x080026d1   Thumb Code   116  usart.o(i.USART1_Config)
    USART1_GPIO_Config                       0x08002749   Thumb Code    56  usart.o(i.USART1_GPIO_Config)
    USART1_IRQHandler                        0x08002785   Thumb Code    42  stm32f4xx_it.o(i.USART1_IRQHandler)
    USART1_SendByByter                       0x080027b5   Thumb Code    36  usart.o(i.USART1_SendByByter)
    USART2_Config                            0x080027dd   Thumb Code   114  usart.o(i.USART2_Config)
    USART2_GPIO_Config                       0x08002855   Thumb Code    54  usart.o(i.USART2_GPIO_Config)
    USART2_IRQHandler                        0x08002891   Thumb Code    46  stm32f4xx_it.o(i.USART2_IRQHandler)
    USART2_SendByByter                       0x080028c5   Thumb Code    36  usart.o(i.USART2_SendByByter)
    USART_ClearITPendingBit                  0x080028ed   Thumb Code    30  stm32f4xx_usart.o(i.USART_ClearITPendingBit)
    USART_Cmd                                0x0800290b   Thumb Code    24  stm32f4xx_usart.o(i.USART_Cmd)
    USART_GetFlagStatus                      0x08002923   Thumb Code    26  stm32f4xx_usart.o(i.USART_GetFlagStatus)
    USART_GetITStatus                        0x0800293d   Thumb Code    84  stm32f4xx_usart.o(i.USART_GetITStatus)
    USART_ITConfig                           0x08002991   Thumb Code    74  stm32f4xx_usart.o(i.USART_ITConfig)
    USART_Init                               0x080029dd   Thumb Code   204  stm32f4xx_usart.o(i.USART_Init)
    USART_ReceiveData                        0x08002ab1   Thumb Code    10  stm32f4xx_usart.o(i.USART_ReceiveData)
    USART_SendData                           0x08002abb   Thumb Code     8  stm32f4xx_usart.o(i.USART_SendData)
    UnpackData                               0x08002ac5   Thumb Code   104  deal_datapacket.o(i.UnpackData)
    Usart1_Send                              0x08002b3d   Thumb Code    28  usart.o(i.Usart1_Send)
    Usart2_Send                              0x08002b59   Thumb Code    28  usart.o(i.Usart2_Send)
    WR_Init                                  0x08002b75   Thumb Code    36  init.o(i.WR_Init)
    _I2C_IsBusy                              0x08002b9d   Thumb Code    60  i2c.o(i._I2C_IsBusy)
    __0printf$8                              0x08002bdd   Thumb Code    22  printf8.o(i.__0printf$8)
    __1printf$8                              0x08002bdd   Thumb Code     0  printf8.o(i.__0printf$8)
    __2printf                                0x08002bdd   Thumb Code     0  printf8.o(i.__0printf$8)
    __ARM_fpclassify                         0x08002bfd   Thumb Code    48  fpclassify.o(i.__ARM_fpclassify)
    __hardfp_asin                            0x08002c31   Thumb Code   770  asin.o(i.__hardfp_asin)
    __hardfp_atan                            0x08002fa1   Thumb Code   632  atan.o(i.__hardfp_atan)
    __hardfp_atan2                           0x08003281   Thumb Code   426  atan2.o(i.__hardfp_atan2)
    __kernel_poly                            0x08003471   Thumb Code   248  poly.o(i.__kernel_poly)
    __mathlib_dbl_underflow                  0x08003569   Thumb Code    24  dunder.o(i.__mathlib_dbl_underflow)
    __scatterload_copy                       0x08003589   Thumb Code    14  handlers.o(i.__scatterload_copy)
    __scatterload_null                       0x08003597   Thumb Code     2  handlers.o(i.__scatterload_null)
    __scatterload_zeroinit                   0x08003599   Thumb Code    14  handlers.o(i.__scatterload_zeroinit)
    __set_errno                              0x080035a9   Thumb Code     6  errno.o(i.__set_errno)
    atan                                     0x08003a0f   Thumb Code    16  atan.o(i.atan)
    delay_ms                                 0x08003a85   Thumb Code    64  systick.o(i.delay_ms)
    delay_us                                 0x08003ac5   Thumb Code    58  systick.o(i.delay_us)
    dmp_getdata                              0x08003b01   Thumb Code   708  mpu_dmp_api.o(i.dmp_getdata)
    dmp_read_fifo                            0x08003e09   Thumb Code   456  inv_mpu_dmp_motion_driver.o(i.dmp_read_fifo)
    errcopy                                  0x08003fd5   Thumb Code    24  deal_datapacket.o(i.errcopy)
    fabs                                     0x08003fed   Thumb Code    24  fabs.o(i.fabs)
    fputc                                    0x08004005   Thumb Code    32  usart.o(i.fputc)
    get_ms                                   0x08004029   Thumb Code     2  inv_mpu.o(i.get_ms)
    gyro_data_ready_cb                       0x0800402d   Thumb Code     8  mpu_dmp_api.o(i.gyro_data_ready_cb)
    importData                               0x08004039   Thumb Code   150  deal_datapacket.o(i.importData)
    main                                     0x080040e9   Thumb Code    12  main.o(i.main)
    mpu_read_fifo                            0x080040f5   Thumb Code   500  inv_mpu.o(i.mpu_read_fifo)
    mpu_read_fifo_stream                     0x080042ed   Thumb Code   186  inv_mpu.o(i.mpu_read_fifo_stream)
    mpu_reset_fifo                           0x080043ad   Thumb Code   450  inv_mpu.o(i.mpu_reset_fifo)
    reformat                                 0x08004575   Thumb Code    62  deal_datapacket.o(i.reformat)
    sqrt                                     0x080045bd   Thumb Code   110  sqrt.o(i.sqrt)
    reg                                      0x0800462c   Data          30  inv_mpu.o(.constdata)
    hw                                       0x0800464a   Data          12  inv_mpu.o(.constdata)
    test                                     0x08004658   Data          40  inv_mpu.o(.constdata)
    __mathlib_zero                           0x08004768   Data           8  qnan.o(.constdata)
    Region$$Table$$Base                      0x08004770   Number         0  anon$$obj.o(Region$$Table)
    Region$$Table$$Limit                     0x08004790   Number         0  anon$$obj.o(Region$$Table)
    Init_Finish                              0x20000010   Data           1  init.o(.data)
    dataPID                                  0x20000014   Data           1  deal_datapacket.o(.data)
    buttonFlag                               0x20000015   Data           1  deal_datapacket.o(.data)
    remoteControl                            0x20000016   Data           8  deal_datapacket.o(.data)
    send_dataPID                             0x2000001e   Data           1  deal_datapacket.o(.data)
    err_cnt                                  0x20000020   Data           4  deal_datapacket.o(.data)
    rxcnt                                    0x20000024   Data           1  deal_datapacket.o(.data)
    RcvStatus                                0x20000025   Data           1  deal_datapacket.o(.data)
    Lock_State                               0x20000028   Data           1  control.o(.data)
    moto_pwm                                 0x2000002a   Data           8  control.o(.data)
    gyro_X                                   0x20000032   Data           2  control.o(.data)
    gyro_Y                                   0x20000034   Data           2  control.o(.data)
    gyro_Z                                   0x20000036   Data           2  control.o(.data)
    Pitch_i                                  0x20000038   Data           4  control.o(.data)
    Roll_i                                   0x2000003c   Data           4  control.o(.data)
    Yaw_i                                    0x20000040   Data           4  control.o(.data)
    Pitch_old                                0x20000044   Data           4  control.o(.data)
    Roll_old                                 0x20000048   Data           4  control.o(.data)
    Yaw_old                                  0x2000004c   Data           4  control.o(.data)
    Pitch_d                                  0x20000050   Data           4  control.o(.data)
    Roll_d                                   0x20000054   Data           4  control.o(.data)
    Yaw_d                                    0x20000058   Data           4  control.o(.data)
    RC_Pitch                                 0x2000005c   Data           4  control.o(.data)
    RC_Roll                                  0x20000060   Data           4  control.o(.data)
    RC_Yaw                                   0x20000064   Data           4  control.o(.data)
    Pitch_shell_out                          0x20000068   Data           4  control.o(.data)
    Roll_shell_out                           0x2000006c   Data           4  control.o(.data)
    Yaw_shell_out                            0x20000070   Data           4  control.o(.data)
    Pitch_shell_kp                           0x20000074   Data           4  control.o(.data)
    Pitch_shell_ki                           0x20000078   Data           4  control.o(.data)
    Pitch_shell_kd                           0x2000007c   Data           4  control.o(.data)
    Roll_shell_kp                            0x20000080   Data           4  control.o(.data)
    Roll_shell_ki                            0x20000084   Data           4  control.o(.data)
    Roll_shell_kd                            0x20000088   Data           4  control.o(.data)
    Yaw_shell_kp                             0x2000008c   Data           4  control.o(.data)
    Yaw_shell_ki                             0x20000090   Data           4  control.o(.data)
    Yaw_shell_kd                             0x20000094   Data           4  control.o(.data)
    Gyro_radian_old_x                        0x20000098   Data           4  control.o(.data)
    Gyro_radian_old_y                        0x2000009c   Data           4  control.o(.data)
    Gyro_radian_old_z                        0x200000a0   Data           4  control.o(.data)
    e_I_Y                                    0x200000a4   Data           4  control.o(.data)
    e_I_X                                    0x200000a8   Data           4  control.o(.data)
    e_I_Z                                    0x200000ac   Data           4  control.o(.data)
    e_X                                      0x200000b0   Data           4  control.o(.data)
    e_Y                                      0x200000b4   Data           4  control.o(.data)
    e_Z                                      0x200000b8   Data           4  control.o(.data)
    pitch_core_kp_out                        0x200000bc   Data           4  control.o(.data)
    pitch_core_ki_out                        0x200000c0   Data           4  control.o(.data)
    pitch_core_kd_out                        0x200000c4   Data           4  control.o(.data)
    Roll_core_kp_out                         0x200000c8   Data           4  control.o(.data)
    Roll_core_ki_out                         0x200000cc   Data           4  control.o(.data)
    Roll_core_kd_out                         0x200000d0   Data           4  control.o(.data)
    Yaw_core_kp_out                          0x200000d4   Data           4  control.o(.data)
    Yaw_core_ki_out                          0x200000d8   Data           4  control.o(.data)
    Yaw_core_kd_out                          0x200000dc   Data           4  control.o(.data)
    Pitch_core_out                           0x200000e0   Data           4  control.o(.data)
    Roll_core_out                            0x200000e4   Data           4  control.o(.data)
    Yaw_core_out                             0x200000e8   Data           4  control.o(.data)
    Pitch_core_kp                            0x200000ec   Data           4  control.o(.data)
    Pitch_core_ki                            0x200000f0   Data           4  control.o(.data)
    Pitch_core_kd                            0x200000f4   Data           4  control.o(.data)
    Roll_core_kp                             0x200000f8   Data           4  control.o(.data)
    Roll_core_ki                             0x200000fc   Data           4  control.o(.data)
    Roll_core_kd                             0x20000100   Data           4  control.o(.data)
    Yaw_core_kp                              0x20000104   Data           4  control.o(.data)
    Yaw_core_ki                              0x20000108   Data           4  control.o(.data)
    Yaw_core_kd                              0x2000010c   Data           4  control.o(.data)
    moto1                                    0x20000110   Data           2  control.o(.data)
    moto2                                    0x20000112   Data           2  control.o(.data)
    moto3                                    0x20000114   Data           2  control.o(.data)
    moto4                                    0x20000116   Data           2  control.o(.data)
    dataPID_Last                             0x20000118   Data           1  control.o(.data)
    rx_new                                   0x20000154   Data           1  mpu_dmp_api.o(.data)
    sensor_timestamp                         0x20000160   Data           4  mpu_dmp_api.o(.data)
    gyro                                     0x20000164   Data           6  mpu_dmp_api.o(.data)
    accel                                    0x2000016a   Data           6  mpu_dmp_api.o(.data)
    sensors                                  0x20000170   Data           2  mpu_dmp_api.o(.data)
    more                                     0x20000172   Data           1  mpu_dmp_api.o(.data)
    q0                                       0x20000174   Data           4  mpu_dmp_api.o(.data)
    q1                                       0x20000178   Data           4  mpu_dmp_api.o(.data)
    q2                                       0x2000017c   Data           4  mpu_dmp_api.o(.data)
    q3                                       0x20000180   Data           4  mpu_dmp_api.o(.data)
    pitch                                    0x20000184   Data           4  mpu_dmp_api.o(.data)
    roll                                     0x20000188   Data           4  mpu_dmp_api.o(.data)
    yaw                                      0x2000018c   Data           4  mpu_dmp_api.o(.data)
    __stdout                                 0x20000190   Data           4  stdout.o(.data)
    rxbuf                                    0x20000198   Data          12  usart.o(.bss)
    loop                                     0x200001a4   Data          14  scheduler.o(.bss)
    packetData                               0x200001b2   Data          10  deal_datapacket.o(.bss)
    errbufs                                  0x200001bc   Data         360  deal_datapacket.o(.bss)
    f                                        0x20000334   Data          15  ano_dt.o(.bss)
    data_to_send                             0x20000343   Data          50  ano_dt.o(.bss)
    quat                                     0x200003b8   Data          16  mpu_dmp_api.o(.bss)
    __initial_sp                             0x200007c8   Data           0  startup_stm32f40xx.o(STACK)



==============================================================================

Memory Map of the image

  Image Entry point : 0x08000189

  Load Region LR_IROM1 (Base: 0x08000000, Size: 0x00004928, Max: 0x00100000, ABSOLUTE, COMPRESSED[0x000047c0])

    Execution Region ER_IROM1 (Base: 0x08000000, Size: 0x00004790, Max: 0x00100000, ABSOLUTE)

    Base Addr    Size         Type   Attr      Idx    E Section Name        Object

    0x08000000   0x00000188   Data   RO            3    RESET               startup_stm32f40xx.o
    0x08000188   0x00000000   Code   RO         6830  * .ARM.Collect$$$$00000000  mc_w.l(entry.o)
    0x08000188   0x00000004   Code   RO         7153    .ARM.Collect$$$$00000001  mc_w.l(entry2.o)
    0x0800018c   0x00000004   Code   RO         7156    .ARM.Collect$$$$00000004  mc_w.l(entry5.o)
    0x08000190   0x00000000   Code   RO         7158    .ARM.Collect$$$$00000008  mc_w.l(entry7b.o)
    0x08000190   0x00000000   Code   RO         7160    .ARM.Collect$$$$0000000A  mc_w.l(entry8b.o)
    0x08000190   0x00000008   Code   RO         7161    .ARM.Collect$$$$0000000B  mc_w.l(entry9a.o)
    0x08000198   0x00000000   Code   RO         7163    .ARM.Collect$$$$0000000D  mc_w.l(entry10a.o)
    0x08000198   0x00000000   Code   RO         7165    .ARM.Collect$$$$0000000F  mc_w.l(entry11a.o)
    0x08000198   0x00000004   Code   RO         7154    .ARM.Collect$$$$00002712  mc_w.l(entry2.o)
    0x0800019c   0x00000024   Code   RO            4    .text               startup_stm32f40xx.o
    0x080001c0   0x0000014e   Code   RO         7100    .text               mf_w.l(dadd.o)
    0x0800030e   0x000000e4   Code   RO         7102    .text               mf_w.l(dmul.o)
    0x080003f2   0x000000de   Code   RO         7104    .text               mf_w.l(ddiv.o)
    0x080004d0   0x00000022   Code   RO         7106    .text               mf_w.l(dflti.o)
    0x080004f2   0x0000003e   Code   RO         7108    .text               mf_w.l(dfixi.o)
    0x08000530   0x00000026   Code   RO         7110    .text               mf_w.l(f2d.o)
    0x08000556   0x00000038   Code   RO         7112    .text               mf_w.l(d2f.o)
    0x0800058e   0x00000062   Code   RO         7170    .text               mc_w.l(uldiv.o)
    0x080005f0   0x0000001e   Code   RO         7172    .text               mc_w.l(llshl.o)
    0x0800060e   0x00000020   Code   RO         7174    .text               mc_w.l(llushr.o)
    0x0800062e   0x00000024   Code   RO         7176    .text               mc_w.l(llsshr.o)
    0x08000652   0x00000000   Code   RO         7185    .text               mc_w.l(iusefp.o)
    0x08000652   0x0000006e   Code   RO         7186    .text               mf_w.l(fepilogue.o)
    0x080006c0   0x000000b6   Code   RO         7188    .text               mf_w.l(depilogue.o)
    0x08000776   0x00000002   PAD
    0x08000778   0x00000024   Code   RO         7196    .text               mc_w.l(init.o)
    0x0800079c   0x000000a2   Code   RO         7198    .text               mf_w.l(dsqrt.o)
    0x0800083e   0x00000056   Code   RO         7210    .text               mc_w.l(__dczerorl2.o)
    0x08000894   0x000003e4   Code   RO         6656    i.ANO_DT_Data_Receive_Anl  ano_dt.o
    0x08000c78   0x000000e8   Code   RO         6657    i.ANO_DT_Data_Receive_Prepare  ano_dt.o
    0x08000d60   0x00000044   Code   RO         6658    i.ANO_DT_Send_Check  ano_dt.o
    0x08000da4   0x00000010   Code   RO         6659    i.ANO_DT_Send_Data  ano_dt.o
    0x08000db4   0x0000012c   Code   RO         6660    i.ANO_DT_Send_MotoPWM  ano_dt.o
    0x08000ee0   0x0000023c   Code   RO         6661    i.ANO_DT_Send_PID   ano_dt.o
    0x0800111c   0x00000158   Code   RO         6662    i.ANO_DT_Send_Status  ano_dt.o
    0x08001274   0x0000031c   Code   RO         6081    i.CTRL_angular_velocity  control.o
    0x08001590   0x0000005c   Code   RO         5870    i.Call_Loop_timer   scheduler.o
    0x080015ec   0x00000026   Code   RO         6016    i.CheckSum          deal_datapacket.o
    0x08001612   0x00000002   PAD
    0x08001614   0x00000064   Code   RO         6083    i.Control_test      control.o
    0x08001678   0x000001d0   Code   RO         6663    i.Data_transfer     ano_dt.o
    0x08001848   0x00000100   Code   RO         6084    i.DealPwm           control.o
    0x08001948   0x00000038   Code   RO         6085    i.Direction_Control  control.o
    0x08001980   0x00000002   Code   RO         5871    i.Duty_10ms         scheduler.o
    0x08001982   0x00000008   Code   RO         5872    i.Duty_1ms          scheduler.o
    0x0800198a   0x00000002   Code   RO         5873    i.Duty_20ms         scheduler.o
    0x0800198c   0x00000014   Code   RO         5874    i.Duty_2ms          scheduler.o
    0x080019a0   0x00000020   Code   RO         5875    i.Duty_500ms        scheduler.o
    0x080019c0   0x00000002   Code   RO         5876    i.Duty_50ms         scheduler.o
    0x080019c2   0x0000000c   Code   RO         5877    i.Duty_5ms          scheduler.o
    0x080019ce   0x00000012   Code   RO          155    i.EXTI9_5_IRQHandler  stm32f4xx_it.o
    0x080019e0   0x0000000c   Code   RO         1698    i.EXTI_ClearITPendingBit  stm32f4xx_exti.o
    0x080019ec   0x00000018   Code   RO         1702    i.EXTI_GetITStatus  stm32f4xx_exti.o
    0x08001a04   0x00000090   Code   RO         2211    i.GPIO_Init         stm32f4xx_gpio.o
    0x08001a94   0x00000046   Code   RO         2212    i.GPIO_PinAFConfig  stm32f4xx_gpio.o
    0x08001ada   0x00000004   Code   RO         2219    i.GPIO_SetBits      stm32f4xx_gpio.o
    0x08001ade   0x00000002   PAD
    0x08001ae0   0x00000044   Code   RO         5680    i.GetAck            i2c.o
    0x08001b24   0x000000a0   Code   RO         6086    i.Get_Angle         control.o
    0x08001bc4   0x00000078   Code   RO         5683    i.I2C_ReadSomeDataFromSlave  i2c.o
    0x08001c3c   0x0000005c   Code   RO         5684    i.I2C_ReadyByte     i2c.o
    0x08001c98   0x000000a4   Code   RO         5685    i.I2C_WriteByte     i2c.o
    0x08001d3c   0x00000060   Code   RO         5687    i.I2C_WriteSomeDataToSlave  i2c.o
    0x08001d9c   0x00000014   Code   RO         5576    i.LED_Connect_Fail  led.o
    0x08001db0   0x00000050   Code   RO         5577    i.LED_Init          led.o
    0x08001e00   0x00000014   Code   RO         5578    i.LED_Locked        led.o
    0x08001e14   0x00000014   Code   RO         5579    i.LED_Unlocked      led.o
    0x08001e28   0x00000094   Code   RO         5878    i.Main_Loop         scheduler.o
    0x08001ebc   0x00000044   Code   RO         5623    i.Moto_PwmRflash    motor.o
    0x08001f00   0x00000078   Code   RO          235    i.NVIC_Init         misc.o
    0x08001f78   0x00000014   Code   RO          236    i.NVIC_PriorityGroupConfig  misc.o
    0x08001f8c   0x00000068   Code   RO         6017    i.PackData          deal_datapacket.o
    0x08001ff4   0x00000020   Code   RO         3137    i.RCC_AHB1PeriphClockCmd  stm32f4xx_rcc.o
    0x08002014   0x00000020   Code   RO         3146    i.RCC_APB1PeriphClockCmd  stm32f4xx_rcc.o
    0x08002034   0x00000020   Code   RO         3149    i.RCC_APB2PeriphClockCmd  stm32f4xx_rcc.o
    0x08002054   0x000000e8   Code   RO         3158    i.RCC_GetClocksFreq  stm32f4xx_rcc.o
    0x0800213c   0x00000088   Code   RO         5688    i.SetAck            i2c.o
    0x080021c4   0x000000ec   Code   RO           13    i.SetSysClock       system_stm32f4xx.o
    0x080022b0   0x00000158   Code   RO         6087    i.Set_Pwm           control.o
    0x08002408   0x00000070   Code   RO         5689    i.Start             i2c.o
    0x08002478   0x00000058   Code   RO         5690    i.Stop              i2c.o
    0x080024d0   0x00000068   Code   RO           15    i.SystemInit        system_stm32f4xx.o
    0x08002538   0x0000002c   Code   RO          156    i.TIM2_IRQHandler   stm32f4xx_it.o
    0x08002564   0x00000006   Code   RO         4528    i.TIM_ClearITPendingBit  stm32f4xx_tim.o
    0x0800256a   0x00000018   Code   RO         4533    i.TIM_Cmd           stm32f4xx_tim.o
    0x08002582   0x00000022   Code   RO         4554    i.TIM_GetITStatus   stm32f4xx_tim.o
    0x080025a4   0x00000012   Code   RO         4558    i.TIM_ITConfig      stm32f4xx_tim.o
    0x080025b6   0x00000002   PAD
    0x080025b8   0x00000084   Code   RO         4605    i.TIM_TimeBaseInit  stm32f4xx_tim.o
    0x0800263c   0x0000005e   Code   RO         5656    i.Time2_Init        time.o
    0x0800269a   0x00000002   PAD
    0x0800269c   0x00000034   Code   RO          157    i.UART4_IRQHandler  stm32f4xx_it.o
    0x080026d0   0x00000078   Code   RO         5406    i.USART1_Config     usart.o
    0x08002748   0x0000003c   Code   RO         5407    i.USART1_GPIO_Config  usart.o
    0x08002784   0x00000030   Code   RO          158    i.USART1_IRQHandler  stm32f4xx_it.o
    0x080027b4   0x00000028   Code   RO         5408    i.USART1_SendByByter  usart.o
    0x080027dc   0x00000078   Code   RO         5409    i.USART2_Config     usart.o
    0x08002854   0x0000003c   Code   RO         5410    i.USART2_GPIO_Config  usart.o
    0x08002890   0x00000034   Code   RO          159    i.USART2_IRQHandler  stm32f4xx_it.o
    0x080028c4   0x00000028   Code   RO         5411    i.USART2_SendByByter  usart.o
    0x080028ec   0x0000001e   Code   RO         5084    i.USART_ClearITPendingBit  stm32f4xx_usart.o
    0x0800290a   0x00000018   Code   RO         5087    i.USART_Cmd         stm32f4xx_usart.o
    0x08002922   0x0000001a   Code   RO         5090    i.USART_GetFlagStatus  stm32f4xx_usart.o
    0x0800293c   0x00000054   Code   RO         5091    i.USART_GetITStatus  stm32f4xx_usart.o
    0x08002990   0x0000004a   Code   RO         5093    i.USART_ITConfig    stm32f4xx_usart.o
    0x080029da   0x00000002   PAD
    0x080029dc   0x000000d4   Code   RO         5094    i.USART_Init        stm32f4xx_usart.o
    0x08002ab0   0x0000000a   Code   RO         5101    i.USART_ReceiveData  stm32f4xx_usart.o
    0x08002aba   0x00000008   Code   RO         5104    i.USART_SendData    stm32f4xx_usart.o
    0x08002ac2   0x00000002   PAD
    0x08002ac4   0x00000078   Code   RO         6018    i.UnpackData        deal_datapacket.o
    0x08002b3c   0x0000001c   Code   RO         5414    i.Usart1_Send       usart.o
    0x08002b58   0x0000001c   Code   RO         5415    i.Usart2_Send       usart.o
    0x08002b74   0x00000028   Code   RO         5524    i.WR_Init           init.o
    0x08002b9c   0x00000040   Code   RO         5691    i._I2C_IsBusy       i2c.o
    0x08002bdc   0x00000020   Code   RO         7046    i.__0printf$8       mc_w.l(printf8.o)
    0x08002bfc   0x00000030   Code   RO         7136    i.__ARM_fpclassify  m_wm.l(fpclassify.o)
    0x08002c2c   0x00000004   PAD
    0x08002c30   0x00000370   Code   RO         6804    i.__hardfp_asin     m_wm.l(asin.o)
    0x08002fa0   0x000002e0   Code   RO         7114    i.__hardfp_atan     m_wm.l(atan.o)
    0x08003280   0x000001f0   Code   RO         6818    i.__hardfp_atan2    m_wm.l(atan2.o)
    0x08003470   0x000000f8   Code   RO         7138    i.__kernel_poly     m_wm.l(poly.o)
    0x08003568   0x00000020   Code   RO         7128    i.__mathlib_dbl_underflow  m_wm.l(dunder.o)
    0x08003588   0x0000000e   Code   RO         7204    i.__scatterload_copy  mc_w.l(handlers.o)
    0x08003596   0x00000002   Code   RO         7205    i.__scatterload_null  mc_w.l(handlers.o)
    0x08003598   0x0000000e   Code   RO         7206    i.__scatterload_zeroinit  mc_w.l(handlers.o)
    0x080035a6   0x00000002   PAD
    0x080035a8   0x0000000c   Code   RO         7180    i.__set_errno       mc_w.l(errno.o)
    0x080035b4   0x00000408   Code   RO         7053    i._printf_core      mc_w.l(printf8.o)
    0x080039bc   0x00000024   Code   RO         7054    i._printf_post_padding  mc_w.l(printf8.o)
    0x080039e0   0x0000002e   Code   RO         7055    i._printf_pre_padding  mc_w.l(printf8.o)
    0x08003a0e   0x00000010   Code   RO         7116    i.atan              m_wm.l(atan.o)
    0x08003a1e   0x00000002   PAD
    0x08003a20   0x00000064   Code   RO         6455    i.decode_gesture    inv_mpu_dmp_motion_driver.o
    0x08003a84   0x00000040   Code   RO         5494    i.delay_ms          systick.o
    0x08003ac4   0x0000003a   Code   RO         5495    i.delay_us          systick.o
    0x08003afe   0x00000002   PAD
    0x08003b00   0x00000308   Code   RO         6734    i.dmp_getdata       mpu_dmp_api.o
    0x08003e08   0x000001cc   Code   RO         6465    i.dmp_read_fifo     inv_mpu_dmp_motion_driver.o
    0x08003fd4   0x00000018   Code   RO         6019    i.errcopy           deal_datapacket.o
    0x08003fec   0x00000018   Code   RO         7132    i.fabs              m_wm.l(fabs.o)
    0x08004004   0x00000024   Code   RO         5416    i.fputc             usart.o
    0x08004028   0x00000002   Code   RO         6147    i.get_ms            inv_mpu.o
    0x0800402a   0x00000002   PAD
    0x0800402c   0x0000000c   Code   RO         6735    i.gyro_data_ready_cb  mpu_dmp_api.o
    0x08004038   0x000000b0   Code   RO         6020    i.importData        deal_datapacket.o
    0x080040e8   0x0000000c   Code   RO         5341    i.main              main.o
    0x080040f4   0x000001f8   Code   RO         6171    i.mpu_read_fifo     inv_mpu.o
    0x080042ec   0x000000c0   Code   RO         6172    i.mpu_read_fifo_stream  inv_mpu.o
    0x080043ac   0x000001c8   Code   RO         6176    i.mpu_reset_fifo    inv_mpu.o
    0x08004574   0x00000048   Code   RO         6021    i.reformat          deal_datapacket.o
    0x080045bc   0x0000006e   Code   RO         7143    i.sqrt              m_wm.l(sqrt.o)
    0x0800462a   0x00000002   PAD
    0x0800462c   0x00000054   Data   RO         6191    .constdata          inv_mpu.o
    0x08004680   0x00000050   Data   RO         6807    .constdata          m_wm.l(asin.o)
    0x080046d0   0x00000098   Data   RO         7117    .constdata          m_wm.l(atan.o)
    0x08004768   0x00000008   Data   RO         7140    .constdata          m_wm.l(qnan.o)
    0x08004770   0x00000020   Data   RO         7202    Region$$Table       anon$$obj.o


    Execution Region RW_IRAM1 (Base: 0x20000000, Size: 0x000007c8, Max: 0x00020000, ABSOLUTE, COMPRESSED[0x00000030])

    Base Addr    Size         Type   Attr      Idx    E Section Name        Object

    0x20000000   0x00000010   Data   RW         3190    .data               stm32f4xx_rcc.o
    0x20000010   0x00000001   Data   RW         5525    .data               init.o
    0x20000011   0x00000003   PAD
    0x20000014   0x00000012   Data   RW         6023    .data               deal_datapacket.o
    0x20000026   0x00000002   PAD
    0x20000028   0x000000f8   Data   RW         6088    .data               control.o
    0x20000120   0x0000002c   Data   RW         6193    .data               inv_mpu.o
    0x2000014c   0x00000007   Data   RW         6665    .data               ano_dt.o
    0x20000153   0x00000001   PAD
    0x20000154   0x0000003c   Data   RW         6741    .data               mpu_dmp_api.o
    0x20000190   0x00000004   Data   RW         7167    .data               mc_w.l(stdout.o)
    0x20000194   0x00000004   Data   RW         7181    .data               mc_w.l(errno.o)
    0x20000198   0x0000000c   Zero   RW         5417    .bss                usart.o
    0x200001a4   0x0000000e   Zero   RW         5879    .bss                scheduler.o
    0x200001b2   0x00000172   Zero   RW         6022    .bss                deal_datapacket.o
    0x20000324   0x00000010   Zero   RW         6483    .bss                inv_mpu_dmp_motion_driver.o
    0x20000334   0x00000073   Zero   RW         6664    .bss                ano_dt.o
    0x200003a7   0x00000001   PAD
    0x200003a8   0x00000020   Zero   RW         6740    .bss                mpu_dmp_api.o
    0x200003c8   0x00000400   Zero   RW            1    STACK               startup_stm32f40xx.o


==============================================================================

Image component sizes


      Code (inc. data)   RO Data    RW Data    ZI Data      Debug   Object Name

      2992        234          0          7        115       8738   ano_dt.o
      1712        312          0        248          0       6514   control.o
       534         72          0         18        370       4563   deal_datapacket.o
       940         30          0          0          0       5658   i2c.o
        40          4          0          1          0        716   init.o
      1154         16         84         44          0       7491   inv_mpu.o
       560         10          0          0         16       7328   inv_mpu_dmp_motion_driver.o
       140         18          0          0          0       1862   led.o
        12          0          0          0          0        471   main.o
       140         24          0          0          0     287355   misc.o
        68          6          0          0          0        701   motor.o
       788         72          0         60         32       2981   mpu_dmp_api.o
       318         18          0          0         14       4603   scheduler.o
        36          8        392          0       1024        872   startup_stm32f40xx.o
        36         10          0          0          0       1124   stm32f4xx_exti.o
       218          0          0          0          0       2298   stm32f4xx_gpio.o
       214         26          0          0          0       4426   stm32f4xx_it.o
       328         36          0         16          0       4635   stm32f4xx_rcc.o
       214         28          0          0          0       3642   stm32f4xx_tim.o
       468          8          0          0          0       6047   stm32f4xx_usart.o
       340         32          0          0          0     242009   system_stm32f4xx.o
       122          0          0          0          0       1046   systick.o
        94          0          0          0          0        577   time.o
       532         32          0          0         12       5681   usart.o

    ----------------------------------------------------------------------
     12016        996        508        400       1584     611338   Object Totals
         0          0         32          0          0          0   (incl. Generated)
        16          0          0          6          1          0   (incl. Padding)

    ----------------------------------------------------------------------

      Code (inc. data)   RO Data    RW Data    ZI Data      Debug   Library Member Name

       880        110         80          0          0        200   asin.o
       752        104        152          0          0        344   atan.o
       496         70          0          0          0        156   atan2.o
        32          8          0          0          0        124   dunder.o
        24          0          0          0          0        124   fabs.o
        48          0          0          0          0        124   fpclassify.o
       248          0          0          0          0        152   poly.o
         0          0          8          0          0          0   qnan.o
       110          0          0          0          0        148   sqrt.o
        86          0          0          0          0          0   __dczerorl2.o
         0          0          0          0          0          0   entry.o
         0          0          0          0          0          0   entry10a.o
         0          0          0          0          0          0   entry11a.o
         8          4          0          0          0          0   entry2.o
         4          0          0          0          0          0   entry5.o
         0          0          0          0          0          0   entry7b.o
         0          0          0          0          0          0   entry8b.o
         8          4          0          0          0          0   entry9a.o
        12          6          0          4          0         68   errno.o
        30          0          0          0          0          0   handlers.o
        36          8          0          0          0         68   init.o
         0          0          0          0          0          0   iusefp.o
        30          0          0          0          0         68   llshl.o
        36          0          0          0          0         68   llsshr.o
        32          0          0          0          0         68   llushr.o
      1146         54          0          0          0        352   printf8.o
         0          0          0          4          0          0   stdout.o
        98          0          0          0          0         92   uldiv.o
        56          0          0          0          0         88   d2f.o
       334          0          0          0          0        148   dadd.o
       222          0          0          0          0        100   ddiv.o
       182          0          0          0          0        176   depilogue.o
        62          0          0          0          0         80   dfixi.o
        34          0          0          0          0         76   dflti.o
       228          0          0          0          0         96   dmul.o
       162          0          0          0          0        100   dsqrt.o
        38          0          0          0          0         68   f2d.o
       110          0          0          0          0        168   fepilogue.o

    ----------------------------------------------------------------------
      5556        368        240          8          0       3256   Library Totals
        12          0          0          0          0          0   (incl. Padding)

    ----------------------------------------------------------------------

      Code (inc. data)   RO Data    RW Data    ZI Data      Debug   Library Name

      2590        292        240          0          0       1372   m_wm.l
      1526         76          0          8          0        784   mc_w.l
      1428          0          0          0          0       1100   mf_w.l

    ----------------------------------------------------------------------
      5556        368        240          8          0       3256   Library Totals

    ----------------------------------------------------------------------

==============================================================================


      Code (inc. data)   RO Data    RW Data    ZI Data      Debug   

     17572       1364        748        408       1584     604294   Grand Totals
     17572       1364        748         48       1584     604294   ELF Image Totals (compressed)
     17572       1364        748         48          0          0   ROM Totals

==============================================================================

    Total RO  Size (Code + RO Data)                18320 (  17.89kB)
    Total RW  Size (RW Data + ZI Data)              1992 (   1.95kB)
    Total ROM Size (Code + RO Data + RW Data)      18368 (  17.94kB)

==============================================================================

